client/src/components/flow-builder/UpdatePipelineStageNode.tsx(612,40): error TS2322: Type 'string | null' is not assignable to type 'BackgroundColor | undefined'.
  Type 'null' is not assignable to type 'BackgroundColor | undefined'.
client/src/components/flow-builder/UpdatePipelineStageNode.tsx(723,40): error TS2322: Type 'string | null' is not assignable to type 'BackgroundColor | undefined'.
  Type 'null' is not assignable to type 'BackgroundColor | undefined'.
client/src/components/flow-builder/UpdatePipelineStageNode.tsx(822,44): error TS2322: Type 'string | null' is not assignable to type 'BackgroundColor | undefined'.
  Type 'null' is not assignable to type 'BackgroundColor | undefined'.
client/src/components/follow-ups/FollowUpPanel.tsx(57,20): error TS2554: Expected 2-3 arguments, but got 1.
client/src/components/follow-ups/FollowUpPanel.tsx(62,62): error TS2345: Argument of type '{ method: string; body: string; }' is not assignable to parameter of type 'string'.
client/src/components/follow-ups/FollowUpPanel.tsx(94,85): error TS2345: Argument of type '{ method: string; }' is not assignable to parameter of type 'string'.
client/src/components/follow-ups/FollowUpPanel.tsx(348,20): error TS2339: Property 'length' does not exist on type 'never[] | Response'.
  Property 'length' does not exist on type 'Response'.
client/src/components/follow-ups/FollowUpPanel.tsx(356,24): error TS2339: Property 'map' does not exist on type 'never[] | Response'.
  Property 'map' does not exist on type 'Response'.
client/src/components/pipeline/BulkOperationsBar.tsx(301,36): error TS2322: Type 'string | null' is not assignable to type 'BackgroundColor | undefined'.
  Type 'null' is not assignable to type 'BackgroundColor | undefined'.
client/src/components/pipeline/DealCard.tsx(90,77): error TS2339: Property 'assignedToUserId' does not exist on type 'ExtendedDeal'.
client/src/components/pipeline/DealCard.tsx(147,16): error TS2551: Property 'stage' does not exist on type 'ExtendedDeal'. Did you mean 'stageId'?
client/src/components/pipeline/DealCard.tsx(148,77): error TS2551: Property 'stage' does not exist on type 'ExtendedDeal'. Did you mean 'stageId'?
client/src/components/pipeline/DealCard.tsx(223,15): error TS2339: Property 'dueDate' does not exist on type 'ExtendedDeal'.
client/src/components/pipeline/DealCard.tsx(225,35): error TS2339: Property 'dueDate' does not exist on type 'ExtendedDeal'.
client/src/components/pipeline/DealCard.tsx(351,104): error TS2769: No overload matches this call.
  Overload 1 of 3, '(value: number | bigint | StringNumericLiteral): string', gave the following error.
    Argument of type 'string' is not assignable to parameter of type 'number | bigint | StringNumericLiteral'.
  Overload 2 of 3, '(value: number | bigint): string', gave the following error.
    Argument of type 'string' is not assignable to parameter of type 'number | bigint'.
  Overload 3 of 3, '(value: number): string', gave the following error.
    Argument of type 'string' is not assignable to parameter of type 'number'.
client/src/components/pipeline/DealCard.tsx(360,17): error TS2339: Property 'dueDate' does not exist on type 'ExtendedDeal'.
client/src/components/pipeline/DealCard.tsx(363,36): error TS2339: Property 'dueDate' does not exist on type 'ExtendedDeal'.
client/src/components/pipeline/DealDetailsModal.tsx(59,36): error TS2339: Property 'assignedToUserId' does not exist on type '{ id: number; createdAt: Date | null; updatedAt: Date | null; value: string | null; status: "open" | "won" | "lost"; companyId: number; title: string; properties: unknown; currency: string | null; ... 6 more ...; assignedTo: string | null; }'.
client/src/components/pipeline/DealDetailsModal.tsx(62,53): error TS2339: Property 'assignedToUserId' does not exist on type '{ id: number; createdAt: Date | null; updatedAt: Date | null; value: string | null; status: "open" | "won" | "lost"; companyId: number; title: string; properties: unknown; currency: string | null; ... 6 more ...; assignedTo: string | null; }'.
client/src/components/pipeline/DealDetailsModal.tsx(74,22): error TS2339: Property 'assignedToUserId' does not exist on type '{ id: number; createdAt: Date | null; updatedAt: Date | null; value: string | null; status: "open" | "won" | "lost"; companyId: number; title: string; properties: unknown; currency: string | null; ... 6 more ...; assignedTo: string | null; }'.
client/src/components/pipeline/DealDetailsModal.tsx(74,54): error TS2339: Property 'assignedToUserId' does not exist on type '{ id: number; createdAt: Date | null; updatedAt: Date | null; value: string | null; status: "open" | "won" | "lost"; companyId: number; title: string; properties: unknown; currency: string | null; ... 6 more ...; assignedTo: string | null; }'.
client/src/components/pipeline/DealDetailsModal.tsx(188,58): error TS2769: No overload matches this call.
  Overload 1 of 3, '(value: number | bigint | StringNumericLiteral): string', gave the following error.
    Argument of type 'string' is not assignable to parameter of type 'number | bigint | StringNumericLiteral'.
  Overload 2 of 3, '(value: number | bigint): string', gave the following error.
    Argument of type 'string' is not assignable to parameter of type 'number | bigint'.
  Overload 3 of 3, '(value: number): string', gave the following error.
    Argument of type 'string' is not assignable to parameter of type 'number'.
client/src/components/pipeline/DealDetailsModal.tsx(225,23): error TS2339: Property 'dueDate' does not exist on type '{ id: number; createdAt: Date | null; updatedAt: Date | null; value: string | null; status: "open" | "won" | "lost"; companyId: number; title: string; properties: unknown; currency: string | null; ... 6 more ...; assignedTo: string | null; }'.
client/src/components/pipeline/DealDetailsModal.tsx(231,47): error TS2339: Property 'dueDate' does not exist on type '{ id: number; createdAt: Date | null; updatedAt: Date | null; value: string | null; status: "open" | "won" | "lost"; companyId: number; title: string; properties: unknown; currency: string | null; ... 6 more ...; assignedTo: string | null; }'.
client/src/components/pipeline/DealDetailsModal.tsx(237,23): error TS2339: Property 'lastActivityAt' does not exist on type '{ id: number; createdAt: Date | null; updatedAt: Date | null; value: string | null; status: "open" | "won" | "lost"; companyId: number; title: string; properties: unknown; currency: string | null; ... 6 more ...; assignedTo: string | null; }'.
client/src/components/pipeline/DealDetailsModal.tsx(243,60): error TS2339: Property 'lastActivityAt' does not exist on type '{ id: number; createdAt: Date | null; updatedAt: Date | null; value: string | null; status: "open" | "won" | "lost"; companyId: number; title: string; properties: unknown; currency: string | null; ... 6 more ...; assignedTo: string | null; }'.
client/src/components/pipeline/DealDetailsModal.tsx(251,19): error TS2339: Property 'description' does not exist on type '{ id: number; createdAt: Date | null; updatedAt: Date | null; value: string | null; status: "open" | "won" | "lost"; companyId: number; title: string; properties: unknown; currency: string | null; ... 6 more ...; assignedTo: string | null; }'.
client/src/components/pipeline/DealDetailsModal.tsx(256,78): error TS2339: Property 'description' does not exist on type '{ id: number; createdAt: Date | null; updatedAt: Date | null; value: string | null; status: "open" | "won" | "lost"; companyId: number; title: string; properties: unknown; currency: string | null; ... 6 more ...; assignedTo: string | null; }'.
client/src/components/pipeline/DealDetailsModal.tsx(352,37): error TS2769: No overload matches this call.
  Overload 1 of 4, '(value: string | number | Date): Date', gave the following error.
    Argument of type 'Date | null' is not assignable to parameter of type 'string | number | Date'.
      Type 'null' is not assignable to type 'string | number | Date'.
  Overload 2 of 4, '(value: string | number): Date', gave the following error.
    Argument of type 'Date | null' is not assignable to parameter of type 'string | number'.
      Type 'null' is not assignable to type 'string | number'.
client/src/components/pipeline/DealDetailsModal.tsx(356,37): error TS2769: No overload matches this call.
  Overload 1 of 4, '(value: string | number | Date): Date', gave the following error.
    Argument of type 'Date | null' is not assignable to parameter of type 'string | number | Date'.
      Type 'null' is not assignable to type 'string | number | Date'.
  Overload 2 of 4, '(value: string | number): Date', gave the following error.
    Argument of type 'Date | null' is not assignable to parameter of type 'string | number'.
      Type 'null' is not assignable to type 'string | number'.
client/src/components/pipeline/EditDealModal.tsx(187,9): error TS2322: Type 'string | null' is not assignable to type 'number | null | undefined'.
  Type 'string' is not assignable to type 'number'.
client/src/components/pipeline/EditDealModal.tsx(190,23): error TS2339: Property 'dueDate' does not exist on type '{ id: number; createdAt: Date | null; updatedAt: Date | null; value: string | null; status: "open" | "won" | "lost"; companyId: number; title: string; properties: unknown; currency: string | null; ... 6 more ...; assignedTo: string | null; }'.
client/src/components/pipeline/EditDealModal.tsx(190,47): error TS2339: Property 'dueDate' does not exist on type '{ id: number; createdAt: Date | null; updatedAt: Date | null; value: string | null; status: "open" | "won" | "lost"; companyId: number; title: string; properties: unknown; currency: string | null; ... 6 more ...; assignedTo: string | null; }'.
client/src/components/pipeline/EditDealModal.tsx(191,32): error TS2339: Property 'assignedToUserId' does not exist on type '{ id: number; createdAt: Date | null; updatedAt: Date | null; value: string | null; status: "open" | "won" | "lost"; companyId: number; title: string; properties: unknown; currency: string | null; ... 6 more ...; assignedTo: string | null; }'.
client/src/components/pipeline/EditDealModal.tsx(192,27): error TS2339: Property 'description' does not exist on type '{ id: number; createdAt: Date | null; updatedAt: Date | null; value: string | null; status: "open" | "won" | "lost"; companyId: number; title: string; properties: unknown; currency: string | null; ... 6 more ...; assignedTo: string | null; }'.
client/src/components/pipeline/EditDealModal.tsx(705,48): error TS2769: No overload matches this call.
  Overload 1 of 4, '(value: string | number | Date): Date', gave the following error.
    Argument of type 'Date | null' is not assignable to parameter of type 'string | number | Date'.
      Type 'null' is not assignable to type 'string | number | Date'.
  Overload 2 of 4, '(value: string | number): Date', gave the following error.
    Argument of type 'Date | null' is not assignable to parameter of type 'string | number'.
      Type 'null' is not assignable to type 'string | number'.
client/src/components/pipeline/EditDealModal.tsx(709,48): error TS2769: No overload matches this call.
  Overload 1 of 4, '(value: string | number | Date): Date', gave the following error.
    Argument of type 'Date | null' is not assignable to parameter of type 'string | number | Date'.
      Type 'null' is not assignable to type 'string | number | Date'.
  Overload 2 of 4, '(value: string | number): Date', gave the following error.
    Argument of type 'Date | null' is not assignable to parameter of type 'string | number'.
      Type 'null' is not assignable to type 'string | number'.
client/src/components/pipeline/KanbanBoard.tsx(201,25): error TS2345: Argument of type 'string | null' is not assignable to parameter of type 'SetStateAction<string>'.
  Type 'null' is not assignable to type 'SetStateAction<string>'.
client/src/components/pipeline/PipelineList.tsx(56,11): error TS2430: Interface 'ExtendedDeal' incorrectly extends interface '{ id: number; createdAt: Date | null; updatedAt: Date | null; value: string | null; status: "open" | "won" | "lost"; companyId: number; title: string; properties: unknown; currency: string | null; ... 6 more ...; assignedTo: string | null; }'.
  Property 'properties' is optional in type 'ExtendedDeal' but required in type '{ id: number; createdAt: Date | null; updatedAt: Date | null; value: string | null; status: "open" | "won" | "lost"; companyId: number; title: string; properties: unknown; currency: string | null; ... 6 more ...; assignedTo: string | null; }'.
client/src/components/pipeline/PipelineList.tsx(546,84): error TS2345: Argument of type 'ExtendedDeal' is not assignable to parameter of type '{ id: number; createdAt: Date | null; updatedAt: Date | null; value: string | null; status: "open" | "won" | "lost"; companyId: number; title: string; properties: unknown; currency: string | null; ... 6 more ...; assignedTo: string | null; }'.
  Property 'properties' is optional in type 'ExtendedDeal' but required in type '{ id: number; createdAt: Date | null; updatedAt: Date | null; value: string | null; status: "open" | "won" | "lost"; companyId: number; title: string; properties: unknown; currency: string | null; ... 6 more ...; assignedTo: string | null; }'.
client/src/components/pipeline/PipelineList.tsx(553,68): error TS2345: Argument of type 'ExtendedDeal' is not assignable to parameter of type '{ id: number; createdAt: Date | null; updatedAt: Date | null; value: string | null; status: "open" | "won" | "lost"; companyId: number; title: string; properties: unknown; currency: string | null; ... 6 more ...; assignedTo: string | null; }'.
  Property 'properties' is optional in type 'ExtendedDeal' but required in type '{ id: number; createdAt: Date | null; updatedAt: Date | null; value: string | null; status: "open" | "won" | "lost"; companyId: number; title: string; properties: unknown; currency: string | null; ... 6 more ...; assignedTo: string | null; }'.
client/src/components/pipeline/PipelineList.tsx(590,77): error TS2345: Argument of type 'ExtendedDeal' is not assignable to parameter of type '{ id: number; createdAt: Date | null; updatedAt: Date | null; value: string | null; status: "open" | "won" | "lost"; companyId: number; title: string; properties: unknown; currency: string | null; ... 6 more ...; assignedTo: string | null; }'.
  Property 'properties' is optional in type 'ExtendedDeal' but required in type '{ id: number; createdAt: Date | null; updatedAt: Date | null; value: string | null; status: "open" | "won" | "lost"; companyId: number; title: string; properties: unknown; currency: string | null; ... 6 more ...; assignedTo: string | null; }'.
client/src/components/pipeline/PipelineList.tsx(597,49): error TS2322: Type 'ExtendedDeal' is not assignable to type '{ id: number; createdAt: Date | null; updatedAt: Date | null; value: string | null; status: "open" | "won" | "lost"; companyId: number; title: string; properties: unknown; currency: string | null; ... 6 more ...; assignedTo: string | null; }'.
  Property 'properties' is optional in type 'ExtendedDeal' but required in type '{ id: number; createdAt: Date | null; updatedAt: Date | null; value: string | null; status: "open" | "won" | "lost"; companyId: number; title: string; properties: unknown; currency: string | null; ... 6 more ...; assignedTo: string | null; }'.
client/src/components/pipeline/PipelineList.tsx(615,64): error TS2345: Argument of type 'ExtendedDeal' is not assignable to parameter of type '{ id: number; createdAt: Date | null; updatedAt: Date | null; value: string | null; status: "open" | "won" | "lost"; companyId: number; title: string; properties: unknown; currency: string | null; ... 6 more ...; assignedTo: string | null; }'.
  Property 'properties' is optional in type 'ExtendedDeal' but required in type '{ id: number; createdAt: Date | null; updatedAt: Date | null; value: string | null; status: "open" | "won" | "lost"; companyId: number; title: string; properties: unknown; currency: string | null; ... 6 more ...; assignedTo: string | null; }'.
client/src/components/pipeline/PipelineList.tsx(617,61): error TS2345: Argument of type 'ExtendedDeal' is not assignable to parameter of type '{ id: number; createdAt: Date | null; updatedAt: Date | null; value: string | null; status: "open" | "won" | "lost"; companyId: number; title: string; properties: unknown; currency: string | null; ... 6 more ...; assignedTo: string | null; }'.
  Property 'properties' is optional in type 'ExtendedDeal' but required in type '{ id: number; createdAt: Date | null; updatedAt: Date | null; value: string | null; status: "open" | "won" | "lost"; companyId: number; title: string; properties: unknown; currency: string | null; ... 6 more ...; assignedTo: string | null; }'.
client/src/components/pipeline/PipelineList.tsx(640,54): error TS2339: Property 'lastActivityAt' does not exist on type 'ExtendedDeal'.
client/src/components/pipeline/PipelineList.tsx(643,79): error TS2339: Property 'lastActivityAt' does not exist on type 'ExtendedDeal'.
client/src/components/pipeline/PipelineList.tsx(660,118): error TS2345: Argument of type 'ExtendedDeal' is not assignable to parameter of type '{ id: number; createdAt: Date | null; updatedAt: Date | null; value: string | null; status: "open" | "won" | "lost"; companyId: number; title: string; properties: unknown; currency: string | null; ... 6 more ...; assignedTo: string | null; }'.
  Property 'properties' is optional in type 'ExtendedDeal' but required in type '{ id: number; createdAt: Date | null; updatedAt: Date | null; value: string | null; status: "open" | "won" | "lost"; companyId: number; title: string; properties: unknown; currency: string | null; ... 6 more ...; assignedTo: string | null; }'.
client/src/components/pipeline/StageHeader.tsx(27,52): error TS2365: Operator '+' cannot be applied to types 'number' and 'string | number'.
client/src/components/pipeline/StageHeader.tsx(34,37): error TS2339: Property 'lastActivityAt' does not exist on type '{ id: number; createdAt: Date | null; updatedAt: Date | null; value: string | null; status: "open" | "won" | "lost"; companyId: number; title: string; properties: unknown; currency: string | null; ... 6 more ...; assignedTo: string | null; }'.
client/src/components/pipeline/StageHeader.tsx(34,68): error TS2339: Property 'lastActivityAt' does not exist on type '{ id: number; createdAt: Date | null; updatedAt: Date | null; value: string | null; status: "open" | "won" | "lost"; companyId: number; title: string; properties: unknown; currency: string | null; ... 6 more ...; assignedTo: string | null; }'.
client/src/components/pipeline/StageHeader.tsx(77,9): error TS2322: Type 'string | null' is not assignable to type 'BorderLeftColor | undefined'.
  Type 'null' is not assignable to type 'BorderLeftColor | undefined'.
client/src/components/pipeline/StageHeader.tsx(90,17): error TS2322: Type 'string | null' is not assignable to type 'Color | undefined'.
  Type 'null' is not assignable to type 'Color | undefined'.
client/src/lib/facebook-sdk.ts(65,11): error TS2353: Object literal may only specify known properties, and 'cookie' does not exist in type '{ appId: string; autoLogAppEvents: boolean; xfbml: boolean; version: string; }'.
client/src/lib/facebook-sdk.ts(73,43): error TS2339: Property 'getLoginStatus' does not exist on type '{ init: (options: { appId: string; autoLogAppEvents: boolean; xfbml: boolean; version: string; }) => void; login: (callback: (response: any) => void, options: { config_id: string; response_type: string; override_default_response_type: boolean; extras: { ...; }; }) => void; }'.
client/src/lib/facebook-sdk.ts(77,47): error TS2339: Property 'getLoginStatus' does not exist on type '{ init: (options: { appId: string; autoLogAppEvents: boolean; xfbml: boolean; version: string; }) => void; login: (callback: (response: any) => void, options: { config_id: string; response_type: string; override_default_response_type: boolean; extras: { ...; }; }) => void; }'.
client/src/lib/facebook-sdk.ts(92,9): error TS2353: Object literal may only specify known properties, and 'cookie' does not exist in type '{ appId: string; autoLogAppEvents: boolean; xfbml: boolean; version: string; }'.
client/src/lib/facebook-sdk.ts(171,15): error TS2339: Property 'getLoginStatus' does not exist on type '{ init: (options: { appId: string; autoLogAppEvents: boolean; xfbml: boolean; version: string; }) => void; login: (callback: (response: any) => void, options: { config_id: string; response_type: string; override_default_response_type: boolean; extras: { ...; }; }) => void; }'.
client/src/lib/protected-route.tsx(13,37): error TS2339: Property 'isMaintenanceMode' does not exist on type 'AuthContextType'.
client/src/lib/protected-route.tsx(13,56): error TS2339: Property 'isLoadingMaintenance' does not exist on type 'AuthContextType'.
client/src/pages/admin/translations/components.tsx(255,5): error TS2322: Type 'boolean | null' is not assignable to type 'boolean'.
  Type 'null' is not assignable to type 'boolean'.
client/src/pages/admin/translations/components.tsx(256,5): error TS2322: Type 'string | null' is not assignable to type '"ltr" | "rtl"'.
  Type 'null' is not assignable to type '"ltr" | "rtl"'.
client/src/pages/admin/translations/components.tsx(264,40): error TS2304: Cannot find name 't'.
client/src/pages/admin/translations/components.tsx(270,16): error TS2304: Cannot find name 't'.
client/src/pages/admin/translations/components.tsx(271,22): error TS2304: Cannot find name 't'.
client/src/pages/admin/translations/components.tsx(278,16): error TS2304: Cannot find name 't'.
client/src/pages/admin/translations/components.tsx(299,25): error TS2304: Cannot find name 't'.
client/src/pages/admin/translations/components.tsx(301,14): error TS2304: Cannot find name 't'.
client/src/pages/admin/translations/components.tsx(308,18): error TS2304: Cannot find name 't'.
client/src/pages/admin/translations/components.tsx(315,30): error TS2304: Cannot find name 't'.
client/src/pages/admin/translations/components.tsx(317,17): error TS2322: Type 'boolean | null' is not assignable to type 'boolean | undefined'.
  Type 'null' is not assignable to type 'boolean | undefined'.
client/src/pages/admin/translations/components.tsx(322,18): error TS2304: Cannot find name 't'.
client/src/pages/admin/translations/components.tsx(329,30): error TS2304: Cannot find name 't'.
client/src/pages/admin/translations/components.tsx(335,18): error TS2304: Cannot find name 't'.
client/src/pages/admin/translations/components.tsx(342,30): error TS2304: Cannot find name 't'.
client/src/pages/admin/translations/components.tsx(348,18): error TS2304: Cannot find name 't'.
client/src/pages/admin/translations/components.tsx(355,30): error TS2304: Cannot find name 't'.
client/src/pages/admin/translations/components.tsx(360,18): error TS2304: Cannot find name 't'.
client/src/pages/admin/translations/components.tsx(367,45): error TS2304: Cannot find name 't'.
client/src/pages/admin/translations/components.tsx(370,44): error TS2304: Cannot find name 't'.
client/src/pages/admin/translations/components.tsx(371,44): error TS2304: Cannot find name 't'.
client/src/pages/admin/translations/components.tsx(377,18): error TS2304: Cannot find name 't'.
client/src/pages/admin/translations/components.tsx(384,19): error TS2322: Type 'boolean | null' is not assignable to type 'boolean | undefined'.
  Type 'null' is not assignable to type 'boolean | undefined'.
client/src/pages/admin/translations/components.tsx(386,44): error TS2304: Cannot find name 't'.
client/src/pages/admin/translations/components.tsx(395,20): error TS2304: Cannot find name 't'.
client/src/pages/admin/translations/components.tsx(398,17): error TS2304: Cannot find name 't'.
client/src/pages/admin/translations/components.tsx(421,40): error TS2304: Cannot find name 't'.
client/src/pages/admin/translations/components.tsx(427,16): error TS2304: Cannot find name 't'.
client/src/pages/admin/translations/components.tsx(428,22): error TS2304: Cannot find name 't'.
client/src/pages/admin/translations/components.tsx(435,16): error TS2304: Cannot find name 't'.
client/src/pages/admin/translations/components.tsx(452,12): error TS2304: Cannot find name 't'.
client/src/pages/admin/translations/components.tsx(457,25): error TS2304: Cannot find name 't'.
client/src/pages/admin/translations/components.tsx(459,14): error TS2304: Cannot find name 't'.
client/src/pages/admin/translations/components.tsx(466,18): error TS2304: Cannot find name 't'.
client/src/pages/admin/translations/components.tsx(473,30): error TS2304: Cannot find name 't'.
client/src/pages/admin/translations/components.tsx(479,18): error TS2304: Cannot find name 't'.
client/src/pages/admin/translations/components.tsx(486,30): error TS2304: Cannot find name 't'.
client/src/pages/admin/translations/components.tsx(495,20): error TS2304: Cannot find name 't'.
client/src/pages/admin/translations/components.tsx(498,17): error TS2304: Cannot find name 't'.
client/src/pages/admin/translations/components.tsx(524,10): error TS2304: Cannot find name 't'.
client/src/pages/admin/translations/components.tsx(532,10): error TS2304: Cannot find name 't'.
client/src/pages/admin/translations/components.tsx(553,25): error TS2304: Cannot find name 't'.
client/src/pages/admin/translations/components.tsx(567,40): error TS2304: Cannot find name 't'.
client/src/pages/admin/translations/components.tsx(574,16): error TS2304: Cannot find name 't'.
client/src/pages/admin/translations/components.tsx(575,22): error TS2304: Cannot find name 't'.
client/src/pages/admin/translations/components.tsx(582,16): error TS2304: Cannot find name 't'.
client/src/pages/admin/translations/components.tsx(599,12): error TS2304: Cannot find name 't'.
client/src/pages/admin/translations/components.tsx(604,25): error TS2304: Cannot find name 't'.
client/src/pages/admin/translations/components.tsx(606,14): error TS2304: Cannot find name 't'.
client/src/pages/admin/translations/components.tsx(613,18): error TS2304: Cannot find name 't'.
client/src/pages/admin/translations/components.tsx(620,45): error TS2304: Cannot find name 't'.
client/src/pages/admin/translations/components.tsx(634,18): error TS2304: Cannot find name 't'.
client/src/pages/admin/translations/components.tsx(651,20): error TS2304: Cannot find name 't'.
client/src/pages/admin/translations/components.tsx(654,17): error TS2304: Cannot find name 't'.
client/src/pages/admin/translations/index.tsx(676,39): error TS18047: 'language.direction' is possibly 'null'.
client/src/pages/admin/translations/index.tsx(678,37): error TS2322: Type 'boolean | null' is not assignable to type 'boolean | undefined'.
  Type 'null' is not assignable to type 'boolean | undefined'.
client/src/pages/admin/translations/index.tsx(678,176): error TS2322: Type 'boolean | null' is not assignable to type 'boolean | undefined'.
  Type 'null' is not assignable to type 'boolean | undefined'.
client/src/pages/admin/translations/index.tsx(681,37): error TS2322: Type 'boolean | null' is not assignable to type 'boolean | undefined'.
  Type 'null' is not assignable to type 'boolean | undefined'.
client/src/pages/admin/translations/index.tsx(681,162): error TS2322: Type 'boolean | null' is not assignable to type 'boolean | undefined'.
  Type 'null' is not assignable to type 'boolean | undefined'.
client/src/pages/admin/translations/index.tsx(704,43): error TS2322: Type 'string | null' is not assignable to type '"ltr" | "rtl" | undefined'.
  Type 'null' is not assignable to type '"ltr" | "rtl" | undefined'.
client/src/pages/admin/translations/index.tsx(705,43): error TS2322: Type 'boolean | null' is not assignable to type 'boolean | undefined'.
  Type 'null' is not assignable to type 'boolean | undefined'.
client/src/pages/admin/translations/index.tsx(712,189): error TS2322: Type 'boolean | null' is not assignable to type 'boolean | undefined'.
  Type 'null' is not assignable to type 'boolean | undefined'.
client/src/pages/admin/translations/index.tsx(729,45): error TS2322: Type 'string | null' is not assignable to type 'string | undefined'.
  Type 'null' is not assignable to type 'string | undefined'.
client/src/pages/admin/translations/index.tsx(746,72): error TS2322: Type 'boolean | null' is not assignable to type 'boolean | undefined'.
  Type 'null' is not assignable to type 'boolean | undefined'.
client/src/pages/admin/translations/index.tsx(746,195): error TS2322: Type 'boolean | null' is not assignable to type 'boolean | undefined'.
  Type 'null' is not assignable to type 'boolean | undefined'.
client/src/pages/admin/translations/tabs.tsx(210,29): error TS18047: 'language.direction' is possibly 'null'.
client/src/pages/admin/translations/tabs.tsx(213,21): error TS2322: Type 'boolean | null' is not assignable to type 'boolean | undefined'.
  Type 'null' is not assignable to type 'boolean | undefined'.
client/src/pages/admin/translations/tabs.tsx(221,21): error TS2322: Type 'boolean | null' is not assignable to type 'boolean | undefined'.
  Type 'null' is not assignable to type 'boolean | undefined'.
client/src/pages/admin/translations/tabs.tsx(227,21): error TS2322: Type 'boolean | null' is not assignable to type 'boolean | undefined'.
  Type 'null' is not assignable to type 'boolean | undefined'.
client/src/pages/affiliate-application.tsx(374,64): error TS2488: Type 'string[] | undefined' must have a '[Symbol.iterator]()' method that returns an iterator.
client/src/pages/pipeline-view.tsx(358,76): error TS2322: Type 'string | null' is not assignable to type 'BackgroundColor | undefined'.
  Type 'null' is not assignable to type 'BackgroundColor | undefined'.
client/src/pages/pipeline-view.tsx(475,19): error TS2322: Type '{ id: number; createdAt: Date | null; updatedAt: Date | null; value: string | null; status: "open" | "won" | "lost"; companyId: number; title: string; properties: unknown; currency: string | null; ... 6 more ...; assignedTo: string | null; }[]' is not assignable to type 'ExtendedDeal[]'.
  Type '{ id: number; createdAt: Date | null; updatedAt: Date | null; value: string | null; status: "open" | "won" | "lost"; companyId: number; title: string; properties: unknown; currency: string | null; ... 6 more ...; assignedTo: string | null; }' is not assignable to type 'ExtendedDeal'.
    Types of property 'properties' are incompatible.
      Type 'unknown' is not assignable to type '{ id: number; title: string; }[] | undefined'.
client/src/pages/pipeline-view.tsx(556,11): error TS2322: Type 'number | null' is not assignable to type 'number | undefined'.
  Type 'null' is not assignable to type 'number | undefined'.
server/force_restart.ts(2,1): error TS2304: Cannot find name 'Force'.
server/force_restart.ts(3,1): error TS2304: Cannot find name 'restart'.
server/index.ts(342,44): error TS2345: Argument of type 'DatabaseStorage' is not assignable to parameter of type 'IStorage'.
  Types of property 'updateTaskCategory' are incompatible.
    Type '(id: number, companyId: number, data: Partial<{ name: string; companyId: number; id?: number | undefined; createdAt?: Date | undefined; updatedAt?: Date | undefined; color?: string | null | undefined; createdBy?: number | ... 1 more ... | undefined; icon?: string | ... 1 more ... | undefined; }>) => Promise<...>' is not assignable to type '(id: number, updates: Partial<{ name: string; companyId: number; id?: number | undefined; createdAt?: Date | undefined; updatedAt?: Date | undefined; color?: string | null | undefined; createdBy?: number | ... 1 more ... | undefined; icon?: string | ... 1 more ... | undefined; }>) => Promise<...>'.
      Target signature provides too few arguments. Expected 3 or more, but got 2.
server/middleware.ts(128,25): error TS2339: Property 'includes' does not exist on type '{}'.
server/middleware.ts(134,25): error TS2339: Property 'includes' does not exist on type '{}'.
server/middleware.ts(134,66): error TS2339: Property 'includes' does not exist on type '{}'.
server/routes.ts(17082,47): error TS2345: Argument of type 'number | null' is not assignable to parameter of type 'number'.
  Type 'null' is not assignable to type 'number'.
server/routes.ts(17102,69): error TS2339: Property 'assignedToUserId' does not exist on type '{ id: number; createdAt: Date | null; updatedAt: Date | null; value: string | null; status: "open" | "won" | "lost"; companyId: number; title: string; properties: unknown; currency: string | null; ... 6 more ...; assignedTo: string | null; }'.
server/routes.ts(17103,41): error TS2345: Argument of type 'number | null' is not assignable to parameter of type 'number'.
  Type 'null' is not assignable to type 'number'.
server/routes.ts(17108,29): error TS2339: Property 'description' does not exist on type '{ id: number; createdAt: Date | null; updatedAt: Date | null; value: string | null; status: "open" | "won" | "lost"; companyId: number; title: string; properties: unknown; currency: string | null; ... 6 more ...; assignedTo: string | null; }'.
server/routes.ts(17115,34): error TS2339: Property 'assignedToUserId' does not exist on type '{ id: number; createdAt: Date | null; updatedAt: Date | null; value: string | null; status: "open" | "won" | "lost"; companyId: number; title: string; properties: unknown; currency: string | null; ... 6 more ...; assignedTo: string | null; }'.
server/routes.ts(17403,83): error TS2339: Property 'assignedToUserId' does not exist on type '{ id: number; createdAt: Date | null; updatedAt: Date | null; value: string | null; status: "open" | "won" | "lost"; companyId: number; title: string; properties: unknown; currency: string | null; ... 6 more ...; assignedTo: string | null; }'.
server/routes.ts(17407,13): error TS2322: Type 'number | null' is not assignable to type 'number | undefined'.
  Type 'null' is not assignable to type 'number | undefined'.
server/routes.ts(17414,45): error TS2339: Property 'assignedToUserId' does not exist on type '{ id: number; createdAt: Date | null; updatedAt: Date | null; value: string | null; status: "open" | "won" | "lost"; companyId: number; title: string; properties: unknown; currency: string | null; ... 6 more ...; assignedTo: string | null; }'.
server/routes.ts(17449,38): error TS2551: Property 'stage' does not exist on type '{ id: number; createdAt: Date | null; updatedAt: Date | null; value: string | null; status: "open" | "won" | "lost"; companyId: number; title: string; properties: unknown; currency: string | null; ... 6 more ...; assignedTo: string | null; }'. Did you mean 'stageId'?
server/routes.ts(17661,51): error TS2769: No overload matches this call.
  Overload 1 of 2, '(id: number, updates: Partial<{ companyId: number; title: string; id?: number | undefined; createdAt?: Date | null | undefined; updatedAt?: Date | null | undefined; value?: string | null | undefined; ... 9 more ...; assignedTo?: string | ... 1 more ... | undefined; }>): Promise<...>', gave the following error.
    Object literal may only specify known properties, and 'assignedToUserId' does not exist in type 'Partial<{ companyId: number; title: string; id?: number | undefined; createdAt?: Date | null | undefined; updatedAt?: Date | null | undefined; value?: string | null | undefined; ... 9 more ...; assignedTo?: string | ... 1 more ... | undefined; }>'.
  Overload 2 of 2, '(id: number, updates: Partial<{ companyId: number; title: string; id?: number | undefined; createdAt?: Date | null | undefined; updatedAt?: Date | null | undefined; value?: string | null | undefined; ... 9 more ...; assignedTo?: string | ... 1 more ... | undefined; }>): Promise<...>', gave the following error.
    Object literal may only specify known properties, and 'assignedToUserId' does not exist in type 'Partial<{ companyId: number; title: string; id?: number | undefined; createdAt?: Date | null | undefined; updatedAt?: Date | null | undefined; value?: string | null | undefined; ... 9 more ...; assignedTo?: string | ... 1 more ... | undefined; }>'.
server/routes.ts(17847,38): error TS2769: No overload matches this call.
  Overload 1 of 2, '(deal: { companyId: number; title: string; id?: number | undefined; createdAt?: Date | null | undefined; updatedAt?: Date | null | undefined; value?: string | null | undefined; ... 9 more ...; assignedTo?: string | ... 1 more ... | undefined; }): Promise<...>', gave the following error.
    Argument of type '{ title: any; contactId: number; description: any; value: number | null; priority: "low" | "medium" | "high"; assignedToUserId: number | null; stageId: any; companyId: number | null; tags: string[] | null; status: string; }' is not assignable to parameter of type '{ companyId: number; title: string; id?: number | undefined; createdAt?: Date | null | undefined; updatedAt?: Date | null | undefined; value?: string | null | undefined; status?: "open" | ... 2 more ... | undefined; ... 8 more ...; assignedTo?: string | ... 1 more ... | undefined; }'.
      Types of property 'companyId' are incompatible.
        Type 'number | null' is not assignable to type 'number'.
          Type 'null' is not assignable to type 'number'.
  Overload 2 of 2, '(deal: { companyId: number; title: string; id?: number | undefined; createdAt?: Date | null | undefined; updatedAt?: Date | null | undefined; value?: string | null | undefined; ... 9 more ...; assignedTo?: string | ... 1 more ... | undefined; }): Promise<...>', gave the following error.
    Argument of type '{ title: any; contactId: number; description: any; value: number | null; priority: "low" | "medium" | "high"; assignedToUserId: number | null; stageId: any; companyId: number | null; tags: string[] | null; status: string; }' is not assignable to parameter of type '{ companyId: number; title: string; id?: number | undefined; createdAt?: Date | null | undefined; updatedAt?: Date | null | undefined; value?: string | null | undefined; status?: "open" | ... 2 more ... | undefined; ... 8 more ...; assignedTo?: string | ... 1 more ... | undefined; }'.
      Types of property 'companyId' are incompatible.
        Type 'number | null' is not assignable to type 'number'.
          Type 'null' is not assignable to type 'number'.
server/routes.ts(17987,11): error TS2769: No overload matches this call.
  Overload 1 of 2, '(stage: { name: string; id?: number | undefined; createdAt?: Date | null | undefined; updatedAt?: Date | null | undefined; pipelineId?: number | null | undefined; color?: string | null | undefined; orderIndex?: number | ... 1 more ... | undefined; }): Promise<...>', gave the following error.
    Object literal may only specify known properties, and 'companyId' does not exist in type '{ name: string; id?: number | undefined; createdAt?: Date | null | undefined; updatedAt?: Date | null | undefined; pipelineId?: number | null | undefined; color?: string | null | undefined; orderIndex?: number | ... 1 more ... | undefined; }'.
  Overload 2 of 2, '(stage: { name: string; id?: number | undefined; createdAt?: Date | null | undefined; updatedAt?: Date | null | undefined; pipelineId?: number | null | undefined; color?: string | null | undefined; orderIndex?: number | ... 1 more ... | undefined; }): Promise<...>', gave the following error.
    Object literal may only specify known properties, and 'companyId' does not exist in type '{ name: string; id?: number | undefined; createdAt?: Date | null | undefined; updatedAt?: Date | null | undefined; pipelineId?: number | null | undefined; color?: string | null | undefined; orderIndex?: number | ... 1 more ... | undefined; }'.
server/routes.ts(18041,9): error TS2769: No overload matches this call.
  Overload 1 of 2, '(stage: { name: string; id?: number | undefined; createdAt?: Date | null | undefined; updatedAt?: Date | null | undefined; pipelineId?: number | null | undefined; color?: string | null | undefined; orderIndex?: number | ... 1 more ... | undefined; }): Promise<...>', gave the following error.
    Object literal may only specify known properties, and 'companyId' does not exist in type '{ name: string; id?: number | undefined; createdAt?: Date | null | undefined; updatedAt?: Date | null | undefined; pipelineId?: number | null | undefined; color?: string | null | undefined; orderIndex?: number | ... 1 more ... | undefined; }'.
  Overload 2 of 2, '(stage: { name: string; id?: number | undefined; createdAt?: Date | null | undefined; updatedAt?: Date | null | undefined; pipelineId?: number | null | undefined; color?: string | null | undefined; orderIndex?: number | ... 1 more ... | undefined; }): Promise<...>', gave the following error.
    Object literal may only specify known properties, and 'companyId' does not exist in type '{ name: string; id?: number | undefined; createdAt?: Date | null | undefined; updatedAt?: Date | null | undefined; pipelineId?: number | null | undefined; color?: string | null | undefined; orderIndex?: number | ... 1 more ... | undefined; }'.
server/routes.ts(18068,33): error TS2339: Property 'companyId' does not exist on type '{ id: number; name: string; createdAt: Date | null; updatedAt: Date | null; pipelineId: number | null; color: string | null; orderIndex: number | null; }'.
server/routes.ts(18088,9): error TS2353: Object literal may only specify known properties, and 'order' does not exist in type 'Partial<{ name: string; id?: number | undefined; createdAt?: Date | null | undefined; updatedAt?: Date | null | undefined; pipelineId?: number | null | undefined; color?: string | null | undefined; orderIndex?: number | ... 1 more ... | undefined; }>'.
server/routes.ts(18088,52): error TS2339: Property 'order' does not exist on type '{ id: number; name: string; createdAt: Date | null; updatedAt: Date | null; pipelineId: number | null; color: string | null; orderIndex: number | null; }'.
server/routes.ts(18111,33): error TS2339: Property 'companyId' does not exist on type '{ id: number; name: string; createdAt: Date | null; updatedAt: Date | null; pipelineId: number | null; color: string | null; orderIndex: number | null; }'.
server/routes.ts(18134,25): error TS2339: Property 'companyId' does not exist on type '{ id: number; name: string; createdAt: Date | null; updatedAt: Date | null; pipelineId: number | null; color: string | null; orderIndex: number | null; }'.
server/services/flow-executor.ts(2797,78): error TS2552: Cannot find name 'session'. Did you mean 'sessionId'?
server/services/flow-executor.ts(9356,7): error TS2769: No overload matches this call.
  Overload 1 of 2, '(stage: { name: string; id?: number | undefined; createdAt?: Date | null | undefined; updatedAt?: Date | null | undefined; pipelineId?: number | null | undefined; color?: string | null | undefined; orderIndex?: number | ... 1 more ... | undefined; }): Promise<...>', gave the following error.
    Object literal may only specify known properties, and 'companyId' does not exist in type '{ name: string; id?: number | undefined; createdAt?: Date | null | undefined; updatedAt?: Date | null | undefined; pipelineId?: number | null | undefined; color?: string | null | undefined; orderIndex?: number | ... 1 more ... | undefined; }'.
  Overload 2 of 2, '(stage: { name: string; id?: number | undefined; createdAt?: Date | null | undefined; updatedAt?: Date | null | undefined; pipelineId?: number | null | undefined; color?: string | null | undefined; orderIndex?: number | ... 1 more ... | undefined; }): Promise<...>', gave the following error.
    Object literal may only specify known properties, and 'companyId' does not exist in type '{ name: string; id?: number | undefined; createdAt?: Date | null | undefined; updatedAt?: Date | null | undefined; pipelineId?: number | null | undefined; color?: string | null | undefined; orderIndex?: number | ... 1 more ... | undefined; }'.
server/services/flow-executor.ts(9398,24): error TS2367: This comparison appears to be unintentional because the types 'number' and 'string | null' have no overlap.
server/services/flow-executor.ts(9410,69): error TS2339: Property 'description' does not exist on type '{ id: number; createdAt: Date | null; updatedAt: Date | null; value: string | null; status: "open" | "won" | "lost"; companyId: number; title: string; properties: unknown; currency: string | null; ... 6 more ...; assignedTo: string | null; }'.
server/services/flow-executor.ts(9486,48): error TS2769: No overload matches this call.
  Overload 1 of 2, '(deal: { companyId: number; title: string; id?: number | undefined; createdAt?: Date | null | undefined; updatedAt?: Date | null | undefined; value?: string | null | undefined; ... 9 more ...; assignedTo?: string | ... 1 more ... | undefined; }): Promise<...>', gave the following error.
    Argument of type '{ companyId: number; contactId: number; title: string; value: number | null; priority: "low" | "medium" | "high"; description: string; stageId: number | null; assignedToUserId: number; tags: any; }' is not assignable to parameter of type '{ companyId: number; title: string; id?: number | undefined; createdAt?: Date | null | undefined; updatedAt?: Date | null | undefined; value?: string | null | undefined; status?: "open" | ... 2 more ... | undefined; ... 8 more ...; assignedTo?: string | ... 1 more ... | undefined; }'.
      Types of property 'value' are incompatible.
        Type 'number | null' is not assignable to type 'string | null | undefined'.
          Type 'number' is not assignable to type 'string'.
  Overload 2 of 2, '(deal: { companyId: number; title: string; id?: number | undefined; createdAt?: Date | null | undefined; updatedAt?: Date | null | undefined; value?: string | null | undefined; ... 9 more ...; assignedTo?: string | ... 1 more ... | undefined; }): Promise<...>', gave the following error.
    Argument of type '{ companyId: number; contactId: number; title: string; value: number | null; priority: "low" | "medium" | "high"; description: string; stageId: number | null; assignedToUserId: number; tags: any; }' is not assignable to parameter of type '{ companyId: number; title: string; id?: number | undefined; createdAt?: Date | null | undefined; updatedAt?: Date | null | undefined; value?: string | null | undefined; status?: "open" | ... 2 more ... | undefined; ... 8 more ...; assignedTo?: string | ... 1 more ... | undefined; }'.
      Types of property 'value' are incompatible.
        Type 'number | null' is not assignable to type 'string | null | undefined'.
          Type 'number' is not assignable to type 'string'.
server/services/flow-executor.ts(9508,11): error TS2367: This comparison appears to be unintentional because the types '"open" | "won" | "lost"' and '"active"' have no overlap.
server/services/flow-executor.ts(9736,11): error TS2769: No overload matches this call.
  Overload 1 of 2, '(stage: { name: string; id?: number | undefined; createdAt?: Date | null | undefined; updatedAt?: Date | null | undefined; pipelineId?: number | null | undefined; color?: string | null | undefined; orderIndex?: number | ... 1 more ... | undefined; }): Promise<...>', gave the following error.
    Object literal may only specify known properties, and 'companyId' does not exist in type '{ name: string; id?: number | undefined; createdAt?: Date | null | undefined; updatedAt?: Date | null | undefined; pipelineId?: number | null | undefined; color?: string | null | undefined; orderIndex?: number | ... 1 more ... | undefined; }'.
  Overload 2 of 2, '(stage: { name: string; id?: number | undefined; createdAt?: Date | null | undefined; updatedAt?: Date | null | undefined; pipelineId?: number | null | undefined; color?: string | null | undefined; orderIndex?: number | ... 1 more ... | undefined; }): Promise<...>', gave the following error.
    Object literal may only specify known properties, and 'companyId' does not exist in type '{ name: string; id?: number | undefined; createdAt?: Date | null | undefined; updatedAt?: Date | null | undefined; pipelineId?: number | null | undefined; color?: string | null | undefined; orderIndex?: number | ... 1 more ... | undefined; }'.
server/services/flow-executor.ts(9795,13): error TS2367: This comparison appears to be unintentional because the types '"open" | "won" | "lost"' and '"active"' have no overlap.
server/services/flow-executor.ts(9823,47): error TS2367: This comparison appears to be unintentional because the types '"open" | "won" | "lost"' and '"active"' have no overlap.
server/services/flow-executor.ts(9841,13): error TS2367: This comparison appears to be unintentional because the types '"open" | "won" | "lost"' and '"active"' have no overlap.
server/services/follow-up-cleanup.ts(106,29): error TS18047: 'schedule.retryCount' is possibly 'null'.
server/services/follow-up-cleanup.ts(133,11): error TS2365: Operator '>' cannot be applied to types 'QueryResult<never>' and 'number'.
server/services/follow-up-cleanup.ts(173,29): error TS18047: 'schedule.retryCount' is possibly 'null'.
server/services/follow-up-cleanup.ts(223,51): error TS2769: No overload matches this call.
  Overload 1 of 4, '(value: string | number | Date): Date', gave the following error.
    Argument of type '{}' is not assignable to parameter of type 'string | number | Date'.
  Overload 2 of 4, '(value: string | number): Date', gave the following error.
    Argument of type '{}' is not assignable to parameter of type 'string | number'.
server/services/follow-up-cleanup.ts(224,51): error TS2769: No overload matches this call.
  Overload 1 of 4, '(value: string | number | Date): Date', gave the following error.
    Argument of type '{}' is not assignable to parameter of type 'string | number | Date'.
  Overload 2 of 4, '(value: string | number): Date', gave the following error.
    Argument of type '{}' is not assignable to parameter of type 'string | number'.
server/services/mcp-client-service.ts(73,13): error TS2353: Object literal may only specify known properties, and 'tools' does not exist in type '{ experimental?: { [x: string]: object; } | undefined; sampling?: { context?: object | undefined; tools?: object | undefined; } | undefined; elicitation?: { [x: string]: unknown; form?: { [x: string]: unknown; applyDefaults?: boolean | undefined; } | undefined; url?: object | undefined; } | undefined; roots?: { ...;...'.
server/services/mcp-client-service.ts(93,13): error TS2353: Object literal may only specify known properties, and 'tools' does not exist in type '{ experimental?: { [x: string]: object; } | undefined; sampling?: { context?: object | undefined; tools?: object | undefined; } | undefined; elicitation?: { [x: string]: unknown; form?: { [x: string]: unknown; applyDefaults?: boolean | undefined; } | undefined; url?: object | undefined; } | undefined; roots?: { ...;...'.
server/storage.ts(6055,9): error TS2393: Duplicate function implementation.
server/storage.ts(6490,9): error TS2393: Duplicate function implementation.
server/storage.ts(6498,23): error TS2339: Property 'dueDate' does not exist on type '{ companyId: number; title: string; id?: number | undefined; createdAt?: Date | null | undefined; updatedAt?: Date | null | undefined; value?: string | null | undefined; status?: "open" | ... 2 more ... | undefined; ... 8 more ...; assignedTo?: string | ... 1 more ... | undefined; }'.
server/storage.ts(6498,47): error TS2339: Property 'dueDate' does not exist on type '{ companyId: number; title: string; id?: number | undefined; createdAt?: Date | null | undefined; updatedAt?: Date | null | undefined; value?: string | null | undefined; status?: "open" | ... 2 more ... | undefined; ... 8 more ...; assignedTo?: string | ... 1 more ... | undefined; }'.
server/storage.ts(6502,21): error TS2551: Property 'stage' does not exist on type '{ companyId: number; title: string; id?: number | undefined; createdAt?: Date | null | undefined; updatedAt?: Date | null | undefined; value?: string | null | undefined; status?: "open" | ... 2 more ... | undefined; ... 8 more ...; assignedTo?: string | ... 1 more ... | undefined; }'. Did you mean 'stageId'?
server/storage.ts(6521,9): error TS2393: Duplicate function implementation.
server/storage.ts(6536,35): error TS2339: Property 'dueDate' does not exist on type '{ companyId?: number | undefined; title?: string | undefined; id?: number | undefined; createdAt?: Date | null | undefined; updatedAt?: Date | null | undefined; value?: string | null | undefined; ... 9 more ...; assignedTo?: string | ... 1 more ... | undefined; }'.
server/storage.ts(6536,67): error TS2339: Property 'dueDate' does not exist on type '{ companyId?: number | undefined; title?: string | undefined; id?: number | undefined; createdAt?: Date | null | undefined; updatedAt?: Date | null | undefined; value?: string | null | undefined; ... 9 more ...; assignedTo?: string | ... 1 more ... | undefined; }'.
server/storage.ts(6551,25): error TS2339: Property 'assignedToUserId' does not exist on type 'Partial<{ companyId: number; title: string; id?: number | undefined; createdAt?: Date | null | undefined; updatedAt?: Date | null | undefined; value?: string | null | undefined; ... 9 more ...; assignedTo?: string | ... 1 more ... | undefined; }>'.
server/storage.ts(6552,57): error TS2339: Property 'assignedToUserId' does not exist on type 'Partial<{ companyId: number; title: string; id?: number | undefined; createdAt?: Date | null | undefined; updatedAt?: Date | null | undefined; value?: string | null | undefined; ... 9 more ...; assignedTo?: string | ... 1 more ... | undefined; }>'.
server/storage.ts(6600,26): error TS2339: Property 'dueDate' does not exist on type 'Partial<{ companyId: number; title: string; id?: number | undefined; createdAt?: Date | null | undefined; updatedAt?: Date | null | undefined; value?: string | null | undefined; ... 9 more ...; assignedTo?: string | ... 1 more ... | undefined; }>'.
server/storage.ts(6600,53): error TS2339: Property 'dueDate' does not exist on type 'Partial<{ companyId: number; title: string; id?: number | undefined; createdAt?: Date | null | undefined; updatedAt?: Date | null | undefined; value?: string | null | undefined; ... 9 more ...; assignedTo?: string | ... 1 more ... | undefined; }>'.
server/storage.ts(6644,9): error TS2393: Duplicate function implementation.
server/storage.ts(6770,9): error TS2393: Duplicate function implementation.
server/storage.ts(6775,22): error TS2339: Property 'companyId' does not exist on type '{ name: string; id?: number | undefined; createdAt?: Date | null | undefined; updatedAt?: Date | null | undefined; pipelineId?: number | null | undefined; color?: string | null | undefined; orderIndex?: number | ... 1 more ... | undefined; }'.
server/storage.ts(6775,69): error TS2339: Property 'companyId' does not exist on type '{ name: string; id?: number | undefined; createdAt?: Date | null | undefined; updatedAt?: Date | null | undefined; pipelineId?: number | null | undefined; color?: string | null | undefined; orderIndex?: number | ... 1 more ... | undefined; }'.
server/storage.ts(6778,30): error TS2339: Property 'order' does not exist on type '{ name: string; id?: number | undefined; createdAt?: Date | null | undefined; updatedAt?: Date | null | undefined; pipelineId?: number | null | undefined; color?: string | null | undefined; orderIndex?: number | ... 1 more ... | undefined; }'.
server/storage.ts(6876,9): error TS2393: Duplicate function implementation.
server/storage.ts(11148,9): error TS2416: Property 'updateTaskCategory' in type 'DatabaseStorage' is not assignable to the same property in base type 'IStorage'.
  Type '(id: number, companyId: number, data: Partial<{ name: string; companyId: number; id?: number | undefined; createdAt?: Date | undefined; updatedAt?: Date | undefined; color?: string | null | undefined; createdBy?: number | ... 1 more ... | undefined; icon?: string | ... 1 more ... | undefined; }>) => Promise<...>' is not assignable to type '(id: number, updates: Partial<{ name: string; companyId: number; id?: number | undefined; createdAt?: Date | undefined; updatedAt?: Date | undefined; color?: string | null | undefined; createdBy?: number | ... 1 more ... | undefined; icon?: string | ... 1 more ... | undefined; }>) => Promise<...>'.
    Target signature provides too few arguments. Expected 3 or more, but got 2.
server/storage.ts(11174,9): error TS2416: Property 'deleteTaskCategory' in type 'DatabaseStorage' is not assignable to the same property in base type 'IStorage'.
  Type '(id: number, companyId: number) => Promise<void>' is not assignable to type '(id: number) => Promise<boolean>'.
    Target signature provides too few arguments. Expected 2 or more, but got 1.
server/storage.ts(11515,25): error TS2345: Argument of type 'SQL<unknown> | undefined' is not assignable to parameter of type 'SQL<unknown>'.
  Type 'undefined' is not assignable to type 'SQL<unknown>'.
server/storage.ts(11631,9): error TS2393: Duplicate function implementation.
server/storage.ts(11642,9): error TS2393: Duplicate function implementation.
server/storage.ts(11645,64): error TS2339: Property 'pipelineId' does not exist on type 'PgTableWithColumns<{ name: "deals"; schema: undefined; columns: { id: PgColumn<{ name: "id"; tableName: "deals"; dataType: "number"; columnType: "PgSerial"; data: number; driverParam: number; notNull: true; hasDefault: true; ... 6 more ...; generated: undefined; }, {}, {}>; ... 14 more ...; updatedAt: PgColumn<...>;...'.
server/storage.ts(11650,25): error TS2345: Argument of type 'SQL<unknown> | undefined' is not assignable to parameter of type 'SQL<unknown>'.
  Type 'undefined' is not assignable to type 'SQL<unknown>'.
server/storage.ts(11662,9): error TS2393: Duplicate function implementation.
server/storage.ts(11672,9): error TS2393: Duplicate function implementation.
server/storage.ts(11682,9): error TS2393: Duplicate function implementation.
server/storage.ts(11693,9): error TS2393: Duplicate function implementation.
shared/schema.ts(1854,14): error TS2451: Cannot redeclare block-scoped variable 'pipelines'.
shared/schema.ts(1864,14): error TS2451: Cannot redeclare block-scoped variable 'pipelineStages'.
shared/schema.ts(1875,14): error TS2451: Cannot redeclare block-scoped variable 'insertPipelineStageSchema'.
shared/schema.ts(1875,61): error TS2448: Block-scoped variable 'pipelineStages' used before its declaration.
shared/schema.ts(1875,61): error TS2454: Variable 'pipelineStages' is used before being assigned.
shared/schema.ts(1876,3): error TS2322: Type 'boolean' is not assignable to type 'never'.
shared/schema.ts(1879,3): error TS2322: Type 'boolean' is not assignable to type 'never'.
shared/schema.ts(2826,14): error TS2451: Cannot redeclare block-scoped variable 'deals'.
shared/schema.ts(2847,14): error TS2451: Cannot redeclare block-scoped variable 'insertDealSchema'.
shared/schema.ts(2847,52): error TS2448: Block-scoped variable 'deals' used before its declaration.
shared/schema.ts(2847,52): error TS2454: Variable 'deals' is used before being assigned.
shared/schema.ts(2852,3): error TS2322: Type 'boolean' is not assignable to type 'never'.
shared/schema.ts(2855,3): error TS2322: Type 'boolean' is not assignable to type 'never'.
shared/schema.ts(2856,3): error TS2322: Type 'boolean' is not assignable to type 'never'.
shared/schema.ts(2857,3): error TS2322: Type 'boolean' is not assignable to type 'never'.
shared/schema.ts(2860,3): error TS2322: Type 'boolean' is not assignable to type 'never'.
shared/schema.ts(2924,13): error TS2300: Duplicate identifier 'Deal'.
shared/schema.ts(2925,13): error TS2300: Duplicate identifier 'InsertDeal'.
shared/schema.ts(2928,13): error TS2300: Duplicate identifier 'DealStatus'.
shared/schema.ts(2929,13): error TS2300: Duplicate identifier 'DealPriority'.
shared/schema.ts(2930,13): error TS2300: Duplicate identifier 'PipelineStage'.
shared/schema.ts(2931,13): error TS2300: Duplicate identifier 'InsertPipelineStage'.
shared/schema.ts(4417,14): error TS2451: Cannot redeclare block-scoped variable 'pipelines'.
shared/schema.ts(4427,14): error TS2451: Cannot redeclare block-scoped variable 'pipelineStages'.
shared/schema.ts(4441,14): error TS2451: Cannot redeclare block-scoped variable 'deals'.
shared/schema.ts(4461,14): error TS2451: Cannot redeclare block-scoped variable 'insertPipelineStageSchema'.
shared/schema.ts(4462,14): error TS2451: Cannot redeclare block-scoped variable 'insertDealSchema'.
shared/schema.ts(4467,13): error TS2300: Duplicate identifier 'PipelineStage'.
shared/schema.ts(4468,13): error TS2300: Duplicate identifier 'InsertPipelineStage'.
shared/schema.ts(4470,13): error TS2300: Duplicate identifier 'Deal'.
shared/schema.ts(4471,13): error TS2300: Duplicate identifier 'InsertDeal'.
shared/schema.ts(4473,13): error TS2300: Duplicate identifier 'DealStatus'.
shared/schema.ts(4474,13): error TS2300: Duplicate identifier 'DealPriority'.
