node_modules/drizzle-orm/mysql-core/db.d.ts(1,38): error TS2307: Cannot find module 'mysql2/promise' or its corresponding type declarations.
node_modules/drizzle-orm/mysql-core/query-builders/delete.d.ts(36,22): error TS2420: Class 'MySqlDeleteBase<TTable, TQueryResult, TPreparedQueryHKT, TDynamic, TExcludedMethods>' incorrectly implements interface 'SQLWrapper'.
  Property 'getSQL' is missing in type 'MySqlDeleteBase<TTable, TQueryResult, TPreparedQueryHKT, TDynamic, TExcludedMethods>' but required in type 'SQLWrapper'.
node_modules/drizzle-orm/mysql-core/query-builders/select.d.ts(249,244): error TS2344: Type 'string' does not satisfy the constraint 'keyof this & string'.
  Type 'string' is not assignable to type 'keyof this & string'.
    Type 'string' is not assignable to type 'keyof this'.
      Type '"session"' is not assignable to type '"offset" | "_" | "getSQL" | "as" | "union" | "intersect" | "except" | "where" | "orderBy" | "limit" | "toSQL" | "$dynamic" | "having" | "groupBy" | "leftJoin" | "rightJoin" | "innerJoin" | ... 4 more ... | "exceptAll"'.
node_modules/drizzle-orm/mysql-core/query-builders/select.d.ts(275,247): error TS2344: Type 'string' does not satisfy the constraint 'keyof this & string'.
  Type 'string' is not assignable to type 'keyof this & string'.
    Type 'string' is not assignable to type 'keyof this'.
      Type '"session"' is not assignable to type '"offset" | "_" | "getSQL" | "as" | "union" | "intersect" | "except" | "where" | "orderBy" | "limit" | "toSQL" | "$dynamic" | "having" | "groupBy" | "leftJoin" | "rightJoin" | "innerJoin" | ... 4 more ... | "exceptAll"'.
node_modules/drizzle-orm/mysql-core/query-builders/select.d.ts(301,248): error TS2344: Type 'string' does not satisfy the constraint 'keyof this & string'.
  Type 'string' is not assignable to type 'keyof this & string'.
    Type 'string' is not assignable to type 'keyof this'.
      Type '"session"' is not assignable to type '"offset" | "_" | "getSQL" | "as" | "union" | "intersect" | "except" | "where" | "orderBy" | "limit" | "toSQL" | "$dynamic" | "having" | "groupBy" | "leftJoin" | "rightJoin" | "innerJoin" | ... 4 more ... | "exceptAll"'.
node_modules/drizzle-orm/mysql-core/query-builders/select.d.ts(342,251): error TS2344: Type 'string' does not satisfy the constraint 'keyof this & string'.
  Type 'string' is not assignable to type 'keyof this & string'.
    Type 'string' is not assignable to type 'keyof this'.
      Type '"session"' is not assignable to type '"offset" | "_" | "getSQL" | "as" | "union" | "intersect" | "except" | "where" | "orderBy" | "limit" | "toSQL" | "$dynamic" | "having" | "groupBy" | "leftJoin" | "rightJoin" | "innerJoin" | ... 4 more ... | "exceptAll"'.
node_modules/drizzle-orm/mysql-core/query-builders/select.d.ts(368,245): error TS2344: Type 'string' does not satisfy the constraint 'keyof this & string'.
  Type 'string' is not assignable to type 'keyof this & string'.
    Type 'string' is not assignable to type 'keyof this'.
      Type '"session"' is not assignable to type '"offset" | "_" | "getSQL" | "as" | "union" | "intersect" | "except" | "where" | "orderBy" | "limit" | "toSQL" | "$dynamic" | "having" | "groupBy" | "leftJoin" | "rightJoin" | "innerJoin" | ... 4 more ... | "exceptAll"'.
node_modules/drizzle-orm/mysql-core/query-builders/select.d.ts(409,248): error TS2344: Type 'string' does not satisfy the constraint 'keyof this & string'.
  Type 'string' is not assignable to type 'keyof this & string'.
    Type 'string' is not assignable to type 'keyof this'.
      Type '"session"' is not assignable to type '"offset" | "_" | "getSQL" | "as" | "union" | "intersect" | "except" | "where" | "orderBy" | "limit" | "toSQL" | "$dynamic" | "having" | "groupBy" | "leftJoin" | "rightJoin" | "innerJoin" | ... 4 more ... | "exceptAll"'.
node_modules/drizzle-orm/mysql-core/query-builders/select.d.ts(561,22): error TS2515: Non-abstract class 'MySqlSelectBase<TTableName, TSelection, TSelectMode, TPreparedQueryHKT, TNullabilityMap, TDynamic, TExcludedMethods, TResult, TSelectedFields>' does not implement inherited abstract member getSQL from class 'MySqlSelectQueryBuilderBase<MySqlSelectHKT, TTableName, TSelection, TSelectMode, TPreparedQueryHKT, TNullabilityMap, TDynamic, TExcludedMethods, TResult, TSelectedFields>'.
node_modules/drizzle-orm/mysql-core/query-builders/select.types.d.ts(136,1149): error TS2344: Type 'MySqlSetOperatorExcludedMethods' does not satisfy the constraint '"offset" | "_" | "getSQL" | "as" | "union" | "intersect" | "except" | "where" | "orderBy" | "limit" | "toSQL" | "prepare" | "execute" | "iterator" | "$dynamic" | "catch" | "finally" | ... 10 more ... | "exceptAll"'.
  Type '"session"' is not assignable to type '"offset" | "_" | "getSQL" | "as" | "union" | "intersect" | "except" | "where" | "orderBy" | "limit" | "toSQL" | "prepare" | "execute" | "iterator" | "$dynamic" | "catch" | "finally" | ... 10 more ... | "exceptAll"'.
node_modules/drizzle-orm/node-postgres/session.d.ts(2,8): error TS1192: Module '"C:/Users/ianam/.gemini/antigravity/scratch/ianampudia11/node_modules/@types/pg/index"' has no default export.
node_modules/drizzle-orm/pg-core/query-builders/query.d.ts(23,22): error TS2420: Class 'PgRelationalQuery<TResult>' incorrectly implements interface 'SQLWrapper'.
  Property 'getSQL' is missing in type 'PgRelationalQuery<TResult>' but required in type 'SQLWrapper'.
node_modules/drizzle-orm/pg-core/roles.d.ts(7,22): error TS2559: Type 'PgRole' has no properties in common with type 'PgRoleConfig'.
node_modules/drizzle-orm/singlestore-core/columns/bigint.d.ts(13,22): error TS2515: Non-abstract class 'SingleStoreBigInt53Builder<T>' does not implement inherited abstract member generatedAlwaysAs from class 'SingleStoreColumnBuilderWithAutoIncrement<T, { unsigned: boolean; }, ColumnBuilderExtraConfig>'.
node_modules/drizzle-orm/singlestore-core/columns/bigint.d.ts(35,22): error TS2515: Non-abstract class 'SingleStoreBigInt64Builder<T>' does not implement inherited abstract member generatedAlwaysAs from class 'SingleStoreColumnBuilderWithAutoIncrement<T, { unsigned: boolean; }, ColumnBuilderExtraConfig>'.
node_modules/drizzle-orm/singlestore-core/columns/binary.d.ts(14,22): error TS2515: Non-abstract class 'SingleStoreBinaryBuilder<T>' does not implement inherited abstract member generatedAlwaysAs from class 'SingleStoreColumnBuilder<T, SingleStoreBinaryConfig, object, ColumnBuilderExtraConfig>'.
node_modules/drizzle-orm/singlestore-core/columns/boolean.d.ts(14,22): error TS2515: Non-abstract class 'SingleStoreBooleanBuilder<T>' does not implement inherited abstract member generatedAlwaysAs from class 'SingleStoreColumnBuilder<T, object, object, ColumnBuilderExtraConfig>'.
node_modules/drizzle-orm/singlestore-core/columns/char.d.ts(16,22): error TS2515: Non-abstract class 'SingleStoreCharBuilder<T>' does not implement inherited abstract member generatedAlwaysAs from class 'SingleStoreColumnBuilder<T, SingleStoreCharConfig<T["enumValues"], T["length"]>, { length: T["length"]; }, ColumnBuilderExtraConfig>'.
node_modules/drizzle-orm/singlestore-core/columns/custom.d.ts(24,22): error TS2515: Non-abstract class 'SingleStoreCustomColumnBuilder<T>' does not implement inherited abstract member generatedAlwaysAs from class 'SingleStoreColumnBuilder<T, { fieldConfig: Record<string, any>; customTypeParams: CustomTypeParams<any>; }, { singlestoreColumnBuilderBrand: "SingleStoreCustomColumnBuilderBrand"; }, ColumnBuilderExtraConfig>'.
node_modules/drizzle-orm/singlestore-core/columns/date.d.ts(16,22): error TS2515: Non-abstract class 'SingleStoreDateBuilder<T>' does not implement inherited abstract member generatedAlwaysAs from class 'SingleStoreColumnBuilder<T, object, object, ColumnBuilderExtraConfig>'.
node_modules/drizzle-orm/singlestore-core/columns/date.d.ts(37,22): error TS2515: Non-abstract class 'SingleStoreDateStringBuilder<T>' does not implement inherited abstract member generatedAlwaysAs from class 'SingleStoreColumnBuilder<T, object, object, ColumnBuilderExtraConfig>'.
node_modules/drizzle-orm/singlestore-core/columns/datetime.d.ts(16,22): error TS2515: Non-abstract class 'SingleStoreDateTimeBuilder<T>' does not implement inherited abstract member generatedAlwaysAs from class 'SingleStoreColumnBuilder<T, SingleStoreDatetimeConfig<"string" | "date">, object, ColumnBuilderExtraConfig>'.
node_modules/drizzle-orm/singlestore-core/columns/datetime.d.ts(38,22): error TS2515: Non-abstract class 'SingleStoreDateTimeStringBuilder<T>' does not implement inherited abstract member generatedAlwaysAs from class 'SingleStoreColumnBuilder<T, SingleStoreDatetimeConfig<"string" | "date">, object, ColumnBuilderExtraConfig>'.
node_modules/drizzle-orm/singlestore-core/columns/decimal.d.ts(14,22): error TS2515: Non-abstract class 'SingleStoreDecimalBuilder<T>' does not implement inherited abstract member generatedAlwaysAs from class 'SingleStoreColumnBuilderWithAutoIncrement<T, SingleStoreDecimalConfig, ColumnBuilderExtraConfig>'.
node_modules/drizzle-orm/singlestore-core/columns/double.d.ts(14,22): error TS2515: Non-abstract class 'SingleStoreDoubleBuilder<T>' does not implement inherited abstract member generatedAlwaysAs from class 'SingleStoreColumnBuilderWithAutoIncrement<T, SingleStoreDoubleConfig, ColumnBuilderExtraConfig>'.
node_modules/drizzle-orm/singlestore-core/columns/enum.d.ts(19,5): error TS2416: Property 'generatedAlwaysAs' in type 'SingleStoreEnumColumnBuilder<T>' is not assignable to the same property in base type 'SingleStoreColumnBuilder<T, { enumValues: T["enumValues"]; }, object, ColumnBuilderExtraConfig>'.
  Type '(as: SQL<unknown> | (() => SQL<unknown>) | T["data"], config?: Partial<GeneratedColumnConfig<unknown>>) => HasGenerated<this, {}>' is not assignable to type '(as: SQL<unknown> | (() => SQL<unknown>) | T["data"], config?: Partial<GeneratedColumnConfig<unknown>>) => HasGenerated<this, { type: "always"; }>'.
    Type 'HasGenerated<this, {}>' is not assignable to type 'HasGenerated<this, { type: "always"; }>'.
      Type 'HasGenerated<this, {}>' is not assignable to type '{ _: { hasDefault: true; generated: { type: "always"; }; }; }'.
        The types of '_.generated' are incompatible between these types.
          Property 'type' is missing in type '{}' but required in type '{ type: "always"; }'.
node_modules/drizzle-orm/singlestore-core/columns/float.d.ts(14,22): error TS2515: Non-abstract class 'SingleStoreFloatBuilder<T>' does not implement inherited abstract member generatedAlwaysAs from class 'SingleStoreColumnBuilderWithAutoIncrement<T, SingleStoreFloatConfig, ColumnBuilderExtraConfig>'.
node_modules/drizzle-orm/singlestore-core/columns/int.d.ts(14,22): error TS2515: Non-abstract class 'SingleStoreIntBuilder<T>' does not implement inherited abstract member generatedAlwaysAs from class 'SingleStoreColumnBuilderWithAutoIncrement<T, SingleStoreIntConfig, ColumnBuilderExtraConfig>'.
node_modules/drizzle-orm/singlestore-core/columns/json.d.ts(14,22): error TS2515: Non-abstract class 'SingleStoreJsonBuilder<T>' does not implement inherited abstract member generatedAlwaysAs from class 'SingleStoreColumnBuilder<T, object, object, ColumnBuilderExtraConfig>'.
node_modules/drizzle-orm/singlestore-core/columns/mediumint.d.ts(15,22): error TS2515: Non-abstract class 'SingleStoreMediumIntBuilder<T>' does not implement inherited abstract member generatedAlwaysAs from class 'SingleStoreColumnBuilderWithAutoIncrement<T, SingleStoreIntConfig, ColumnBuilderExtraConfig>'.
node_modules/drizzle-orm/singlestore-core/columns/real.d.ts(14,22): error TS2515: Non-abstract class 'SingleStoreRealBuilder<T>' does not implement inherited abstract member generatedAlwaysAs from class 'SingleStoreColumnBuilderWithAutoIncrement<T, SingleStoreRealConfig, ColumnBuilderExtraConfig>'.
node_modules/drizzle-orm/singlestore-core/columns/serial.d.ts(14,22): error TS2515: Non-abstract class 'SingleStoreSerialBuilder<T>' does not implement inherited abstract member generatedAlwaysAs from class 'SingleStoreColumnBuilderWithAutoIncrement<T, object, ColumnBuilderExtraConfig>'.
node_modules/drizzle-orm/singlestore-core/columns/smallint.d.ts(15,22): error TS2515: Non-abstract class 'SingleStoreSmallIntBuilder<T>' does not implement inherited abstract member generatedAlwaysAs from class 'SingleStoreColumnBuilderWithAutoIncrement<T, SingleStoreIntConfig, ColumnBuilderExtraConfig>'.
node_modules/drizzle-orm/singlestore-core/columns/text.d.ts(16,22): error TS2515: Non-abstract class 'SingleStoreTextBuilder<T>' does not implement inherited abstract member generatedAlwaysAs from class 'SingleStoreColumnBuilder<T, { textType: SingleStoreTextColumnType; enumValues: T["enumValues"]; }, object, ColumnBuilderExtraConfig>'.
node_modules/drizzle-orm/singlestore-core/columns/time.d.ts(14,22): error TS2515: Non-abstract class 'SingleStoreTimeBuilder<T>' does not implement inherited abstract member generatedAlwaysAs from class 'SingleStoreColumnBuilder<T, object, object, ColumnBuilderExtraConfig>'.
node_modules/drizzle-orm/singlestore-core/columns/timestamp.d.ts(15,22): error TS2515: Non-abstract class 'SingleStoreTimestampBuilder<T>' does not implement inherited abstract member generatedAlwaysAs from class 'SingleStoreDateColumnBaseBuilder<T, SingleStoreTimestampConfig<"string" | "date">, ColumnBuilderExtraConfig>'.
node_modules/drizzle-orm/singlestore-core/columns/timestamp.d.ts(35,22): error TS2515: Non-abstract class 'SingleStoreTimestampStringBuilder<T>' does not implement inherited abstract member generatedAlwaysAs from class 'SingleStoreDateColumnBaseBuilder<T, SingleStoreTimestampConfig<"string" | "date">, ColumnBuilderExtraConfig>'.
node_modules/drizzle-orm/singlestore-core/columns/tinyint.d.ts(15,22): error TS2515: Non-abstract class 'SingleStoreTinyIntBuilder<T>' does not implement inherited abstract member generatedAlwaysAs from class 'SingleStoreColumnBuilderWithAutoIncrement<T, SingleStoreIntConfig, ColumnBuilderExtraConfig>'.
node_modules/drizzle-orm/singlestore-core/columns/varbinary.d.ts(14,22): error TS2515: Non-abstract class 'SingleStoreVarBinaryBuilder<T>' does not implement inherited abstract member generatedAlwaysAs from class 'SingleStoreColumnBuilder<T, SingleStoreVarbinaryOptions, object, ColumnBuilderExtraConfig>'.
node_modules/drizzle-orm/singlestore-core/columns/varchar.d.ts(16,22): error TS2515: Non-abstract class 'SingleStoreVarCharBuilder<T>' does not implement inherited abstract member generatedAlwaysAs from class 'SingleStoreColumnBuilder<T, SingleStoreVarCharConfig<T["enumValues"], T["length"]>, { length: T["length"]; }, ColumnBuilderExtraConfig>'.
node_modules/drizzle-orm/singlestore-core/columns/vector.d.ts(13,22): error TS2515: Non-abstract class 'SingleStoreVectorBuilder<T>' does not implement inherited abstract member generatedAlwaysAs from class 'SingleStoreColumnBuilder<T, SingleStoreVectorConfig, object, ColumnBuilderExtraConfig>'.
node_modules/drizzle-orm/singlestore-core/columns/year.d.ts(14,22): error TS2515: Non-abstract class 'SingleStoreYearBuilder<T>' does not implement inherited abstract member generatedAlwaysAs from class 'SingleStoreColumnBuilder<T, object, object, ColumnBuilderExtraConfig>'.
node_modules/drizzle-orm/singlestore-core/db.d.ts(1,38): error TS2307: Cannot find module 'mysql2/promise' or its corresponding type declarations.
node_modules/drizzle-orm/singlestore-core/query-builders/delete.d.ts(36,22): error TS2420: Class 'SingleStoreDeleteBase<TTable, TQueryResult, TPreparedQueryHKT, TDynamic, TExcludedMethods>' incorrectly implements interface 'SQLWrapper'.
  Property 'getSQL' is missing in type 'SingleStoreDeleteBase<TTable, TQueryResult, TPreparedQueryHKT, TDynamic, TExcludedMethods>' but required in type 'SQLWrapper'.
node_modules/drizzle-orm/singlestore-core/query-builders/select.d.ts(199,262): error TS2344: Type 'string' does not satisfy the constraint 'keyof this & string'.
  Type 'string' is not assignable to type 'keyof this & string'.
    Type 'string' is not assignable to type 'keyof this'.
      Type '"session"' is not assignable to type '"offset" | "_" | "getSQL" | "as" | "union" | "intersect" | "except" | "where" | "orderBy" | "limit" | "toSQL" | "$dynamic" | "having" | "groupBy" | "leftJoin" | "rightJoin" | "innerJoin" | "fullJoin" | "for" | "unionAll" | "minus"'.
node_modules/drizzle-orm/singlestore-core/query-builders/select.d.ts(225,265): error TS2344: Type 'string' does not satisfy the constraint 'keyof this & string'.
  Type 'string' is not assignable to type 'keyof this & string'.
    Type 'string' is not assignable to type 'keyof this'.
      Type '"session"' is not assignable to type '"offset" | "_" | "getSQL" | "as" | "union" | "intersect" | "except" | "where" | "orderBy" | "limit" | "toSQL" | "$dynamic" | "having" | "groupBy" | "leftJoin" | "rightJoin" | "innerJoin" | "fullJoin" | "for" | "unionAll" | "minus"'.
node_modules/drizzle-orm/singlestore-core/query-builders/select.d.ts(251,266): error TS2344: Type 'string' does not satisfy the constraint 'keyof this & string'.
  Type 'string' is not assignable to type 'keyof this & string'.
    Type 'string' is not assignable to type 'keyof this'.
      Type '"session"' is not assignable to type '"offset" | "_" | "getSQL" | "as" | "union" | "intersect" | "except" | "where" | "orderBy" | "limit" | "toSQL" | "$dynamic" | "having" | "groupBy" | "leftJoin" | "rightJoin" | "innerJoin" | "fullJoin" | "for" | "unionAll" | "minus"'.
node_modules/drizzle-orm/singlestore-core/query-builders/select.d.ts(277,263): error TS2344: Type 'string' does not satisfy the constraint 'keyof this & string'.
  Type 'string' is not assignable to type 'keyof this & string'.
    Type 'string' is not assignable to type 'keyof this'.
      Type '"session"' is not assignable to type '"offset" | "_" | "getSQL" | "as" | "union" | "intersect" | "except" | "where" | "orderBy" | "limit" | "toSQL" | "$dynamic" | "having" | "groupBy" | "leftJoin" | "rightJoin" | "innerJoin" | "fullJoin" | "for" | "unionAll" | "minus"'.
node_modules/drizzle-orm/singlestore-core/query-builders/select.d.ts(301,262): error TS2344: Type 'string' does not satisfy the constraint 'keyof this & string'.
  Type 'string' is not assignable to type 'keyof this & string'.
    Type 'string' is not assignable to type 'keyof this'.
      Type '"session"' is not assignable to type '"offset" | "_" | "getSQL" | "as" | "union" | "intersect" | "except" | "where" | "orderBy" | "limit" | "toSQL" | "$dynamic" | "having" | "groupBy" | "leftJoin" | "rightJoin" | "innerJoin" | "fullJoin" | "for" | "unionAll" | "minus"'.
node_modules/drizzle-orm/singlestore-core/query-builders/select.d.ts(451,22): error TS2515: Non-abstract class 'SingleStoreSelectBase<TTableName, TSelection, TSelectMode, TPreparedQueryHKT, TNullabilityMap, TDynamic, TExcludedMethods, TResult, TSelectedFields>' does not implement inherited abstract member getSQL from class 'SingleStoreSelectQueryBuilderBase<SingleStoreSelectHKT, TTableName, TSelection, TSelectMode, TPreparedQueryHKT, TNullabilityMap, TDynamic, TExcludedMethods, TResult, TSelectedFields>'.
node_modules/drizzle-orm/singlestore-core/query-builders/select.types.d.ts(130,1185): error TS2344: Type 'SingleStoreSetOperatorExcludedMethods' does not satisfy the constraint '"offset" | "_" | "getSQL" | "as" | "union" | "intersect" | "except" | "where" | "orderBy" | "limit" | "toSQL" | "prepare" | "execute" | "iterator" | "$dynamic" | "catch" | "finally" | ... 9 more ... | "minus"'.
  Type '"session"' is not assignable to type '"offset" | "_" | "getSQL" | "as" | "union" | "intersect" | "except" | "where" | "orderBy" | "limit" | "toSQL" | "prepare" | "execute" | "iterator" | "$dynamic" | "catch" | "finally" | ... 9 more ... | "minus"'.
node_modules/drizzle-orm/singlestore/driver.d.ts(1,100): error TS2307: Cannot find module 'mysql2' or its corresponding type declarations.
node_modules/drizzle-orm/singlestore/driver.d.ts(2,39): error TS2307: Cannot find module 'mysql2/promise' or its corresponding type declarations.
node_modules/drizzle-orm/singlestore/session.d.ts(1,94): error TS2307: Cannot find module 'mysql2/promise' or its corresponding type declarations.
node_modules/drizzle-orm/sqlite-core/query-builders/query.d.ts(25,22): error TS2420: Class 'SQLiteRelationalQuery<TType, TResult>' incorrectly implements interface 'SQLWrapper'.
  Property 'getSQL' is missing in type 'SQLiteRelationalQuery<TType, TResult>' but required in type 'SQLWrapper'.
node_modules/drizzle-orm/sqlite-core/query-builders/select.d.ts(202,247): error TS2344: Type 'string' does not satisfy the constraint 'keyof this & string'.
  Type 'string' is not assignable to type 'keyof this & string'.
    Type 'string' is not assignable to type 'keyof this'.
      Type '"config"' is not assignable to type '"offset" | "_" | "getSQL" | "as" | "union" | "intersect" | "except" | "where" | "orderBy" | "limit" | "toSQL" | "$dynamic" | "having" | "groupBy" | "leftJoin" | "rightJoin" | "innerJoin" | "fullJoin" | "unionAll"'.
node_modules/drizzle-orm/sqlite-core/query-builders/select.d.ts(228,250): error TS2344: Type 'string' does not satisfy the constraint 'keyof this & string'.
  Type 'string' is not assignable to type 'keyof this & string'.
    Type 'string' is not assignable to type 'keyof this'.
      Type '"config"' is not assignable to type '"offset" | "_" | "getSQL" | "as" | "union" | "intersect" | "except" | "where" | "orderBy" | "limit" | "toSQL" | "$dynamic" | "having" | "groupBy" | "leftJoin" | "rightJoin" | "innerJoin" | "fullJoin" | "unionAll"'.
node_modules/drizzle-orm/sqlite-core/query-builders/select.d.ts(254,251): error TS2344: Type 'string' does not satisfy the constraint 'keyof this & string'.
  Type 'string' is not assignable to type 'keyof this & string'.
    Type 'string' is not assignable to type 'keyof this'.
      Type '"config"' is not assignable to type '"offset" | "_" | "getSQL" | "as" | "union" | "intersect" | "except" | "where" | "orderBy" | "limit" | "toSQL" | "$dynamic" | "having" | "groupBy" | "leftJoin" | "rightJoin" | "innerJoin" | "fullJoin" | "unionAll"'.
node_modules/drizzle-orm/sqlite-core/query-builders/select.d.ts(280,248): error TS2344: Type 'string' does not satisfy the constraint 'keyof this & string'.
  Type 'string' is not assignable to type 'keyof this & string'.
    Type 'string' is not assignable to type 'keyof this'.
      Type '"config"' is not assignable to type '"offset" | "_" | "getSQL" | "as" | "union" | "intersect" | "except" | "where" | "orderBy" | "limit" | "toSQL" | "$dynamic" | "having" | "groupBy" | "leftJoin" | "rightJoin" | "innerJoin" | "fullJoin" | "unionAll"'.
node_modules/drizzle-orm/sqlite-core/query-builders/select.d.ts(421,22): error TS2515: Non-abstract class 'SQLiteSelectBase<TTableName, TResultType, TRunResult, TSelection, TSelectMode, TNullabilityMap, TDynamic, TExcludedMethods, TResult, TSelectedFields>' does not implement inherited abstract member getSQL from class 'SQLiteSelectQueryBuilderBase<SQLiteSelectHKT, TTableName, TResultType, TRunResult, TSelection, TSelectMode, TNullabilityMap, TDynamic, TExcludedMethods, TResult, TSelectedFields>'.
node_modules/drizzle-orm/sqlite-core/query-builders/select.types.d.ts(122,1157): error TS2344: Type 'SQLiteSetOperatorExcludedMethods' does not satisfy the constraint '"values" | "all" | "offset" | "get" | "_" | "getSQL" | "as" | "union" | "intersect" | "except" | "where" | "orderBy" | "limit" | "toSQL" | "prepare" | "execute" | "$dynamic" | "catch" | ... 9 more ... | "run"'.
  Type '"config"' is not assignable to type '"values" | "all" | "offset" | "get" | "_" | "getSQL" | "as" | "union" | "intersect" | "except" | "where" | "orderBy" | "limit" | "toSQL" | "prepare" | "execute" | "$dynamic" | "catch" | ... 9 more ... | "run"'.
server/auth.ts(1,8): error TS1259: Module '"C:/Users/ianam/.gemini/antigravity/scratch/ianampudia11/node_modules/@types/passport/index"' can only be default-imported using the 'esModuleInterop' flag
server/auth.ts(4,8): error TS1259: Module '"C:/Users/ianam/.gemini/antigravity/scratch/ianampudia11/node_modules/@types/express-session/index"' can only be default-imported using the 'esModuleInterop' flag
server/auth.ts(8,45): error TS2307: Cannot find module '@shared/schema' or its corresponding type declarations.
server/auth.ts(9,8): error TS1259: Module '"C:/Users/ianam/.gemini/antigravity/scratch/ianampudia11/node_modules/@types/connect-pg-simple/index"' can only be default-imported using the 'esModuleInterop' flag
server/middleware/affiliate-tracking.ts(152,7): error TS2769: No overload matches this call.
  Overload 1 of 2, '(value: { clickedUrl: string | SQL<unknown> | Placeholder<string, any>; }): PgInsertBase<PgTableWithColumns<{ name: "affiliate_clicks"; schema: undefined; columns: { id: PgColumn<{ name: "id"; tableName: "affiliate_clicks"; ... 12 more ...; generated: undefined; }, {}, {}>; ... 22 more ...; createdAt: PgColumn<...>; }; dialect: "pg"; }>, ... 4 more ..., never>', gave the following error.
    Object literal may only specify known properties, and 'affiliateId' does not exist in type '{ clickedUrl: string | SQL<unknown> | Placeholder<string, any>; }'.
  Overload 2 of 2, '(values: { clickedUrl: string | SQL<unknown> | Placeholder<string, any>; }[]): PgInsertBase<PgTableWithColumns<{ name: "affiliate_clicks"; schema: undefined; columns: { id: PgColumn<{ name: "id"; tableName: "affiliate_clicks"; ... 12 more ...; generated: undefined; }, {}, {}>; ... 22 more ...; createdAt: PgColumn<...>; }; dialect: "pg"; }>, ... 4 more ..., never>', gave the following error.
    Object literal may only specify known properties, and 'affiliateId' does not exist in type '{ clickedUrl: string | SQL<unknown> | Placeholder<string, any>; }[]'.
server/middleware/affiliate-tracking.ts(202,9): error TS2769: No overload matches this call.
  Overload 1 of 2, '(value: { referralCode: string | SQL<unknown> | Placeholder<string, any>; }): PgInsertBase<PgTableWithColumns<{ name: "affiliate_referrals"; schema: undefined; columns: { id: PgColumn<{ name: "id"; tableName: "affiliate_referrals"; ... 12 more ...; generated: undefined; }, {}, {}>; ... 24 more ...; updatedAt: PgColumn<...>; }; dialect: "pg"; }>, ... 4 more ..., never>', gave the following error.
    Object literal may only specify known properties, and 'companyId' does not exist in type '{ referralCode: string | SQL<unknown> | Placeholder<string, any>; }'.
  Overload 2 of 2, '(values: { referralCode: string | SQL<unknown> | Placeholder<string, any>; }[]): PgInsertBase<PgTableWithColumns<{ name: "affiliate_referrals"; schema: undefined; columns: { id: PgColumn<{ name: "id"; tableName: "affiliate_referrals"; ... 12 more ...; generated: undefined; }, {}, {}>; ... 24 more ...; updatedAt: PgColumn<...>; }; dialect: "pg"; }>, ... 4 more ..., never>', gave the following error.
    Object literal may only specify known properties, and 'companyId' does not exist in type '{ referralCode: string | SQL<unknown> | Placeholder<string, any>; }[]'.
server/middleware/affiliate-tracking.ts(222,9): error TS2353: Object literal may only specify known properties, and 'totalReferrals' does not exist in type '{ name?: string | SQL<unknown> | PgColumn<ColumnBaseConfig<ColumnDataType, string>, {}, {}>; email?: string | SQL<unknown> | PgColumn<ColumnBaseConfig<ColumnDataType, string>, {}, {}>; affiliateCode?: string | ... 1 more ... | PgColumn<...>; }'.
server/middleware/affiliate-tracking.ts(262,9): error TS2353: Object literal may only specify known properties, and 'status' does not exist in type '{ referralCode?: string | SQL<unknown> | PgColumn<ColumnBaseConfig<ColumnDataType, string>, {}, {}>; }'.
server/middleware/affiliate-tracking.ts(283,13): error TS2353: Object literal may only specify known properties, and 'successfulReferrals' does not exist in type '{ name?: string | SQL<unknown> | PgColumn<ColumnBaseConfig<ColumnDataType, string>, {}, {}>; email?: string | SQL<unknown> | PgColumn<ColumnBaseConfig<ColumnDataType, string>, {}, {}>; affiliateCode?: string | ... 1 more ... | PgColumn<...>; }'.
server/middleware/subdomain.ts(3,25): error TS2307: Cannot find module '@shared/schema' or its corresponding type declarations.
server/middleware/subdomain.ts(247,14): error TS2339: Property 'isSuperAdmin' does not exist on type 'User'.
server/modules/contacts/repositories/contacts.repository.ts(2,26): error TS2307: Cannot find module '@shared/schema' or its corresponding type declarations.
server/modules/contacts/repositories/contacts.repository.ts(3,45): error TS2307: Cannot find module '@shared/schema' or its corresponding type declarations.
server/modules/deals/repositories/deals.repository.ts(2,65): error TS2307: Cannot find module '@shared/schema' or its corresponding type declarations.
server/modules/deals/repositories/deals.repository.ts(3,39): error TS2307: Cannot find module '@shared/schema' or its corresponding type declarations.
server/modules/pipelines/repositories/pipelines.repository.ts(2,43): error TS2307: Cannot find module '@shared/schema' or its corresponding type declarations.
server/modules/pipelines/repositories/pipelines.repository.ts(3,57): error TS2307: Cannot find module '@shared/schema' or its corresponding type declarations.
server/modules/properties/repositories/properties.repository.ts(2,44): error TS2307: Cannot find module '@shared/schema' or its corresponding type declarations.
server/modules/properties/repositories/properties.repository.ts(3,47): error TS2307: Cannot find module '@shared/schema' or its corresponding type declarations.
server/modules/properties/repositories/properties.repository.ts(42,27): error TS2339: Property 'where' does not exist on type 'Omit<PgSelectBase<any, any, "single", any, false, "where", any[], any>, "where">'.
server/modules/tasks/repositories/tasks.repository.ts(2,46): error TS2307: Cannot find module '@shared/schema' or its corresponding type declarations.
server/modules/tasks/repositories/tasks.repository.ts(3,87): error TS2307: Cannot find module '@shared/schema' or its corresponding type declarations.
server/modules/websites/repositories/websites.repository.ts(2,41): error TS2307: Cannot find module '@shared/schema' or its corresponding type declarations.
server/modules/websites/repositories/websites.repository.ts(3,79): error TS2307: Cannot find module '@shared/schema' or its corresponding type declarations.
server/services/email.ts(2,8): error TS1259: Module '"C:/Users/ianam/.gemini/antigravity/scratch/ianampudia11/node_modules/@sendgrid/mail/index"' can only be default-imported using the 'esModuleInterop' flag
server/services/password-reset.ts(142,51): error TS2769: No overload matches this call.
  Overload 1 of 2, '(value: { token: string | SQL<unknown> | Placeholder<string, any>; userId: number | SQL<unknown> | Placeholder<string, any>; expiresAt: Date | SQL<unknown> | Placeholder<...>; }): PgInsertBase<...>', gave the following error.
    Argument of type '{}' is not assignable to parameter of type '{ token: string | SQL<unknown> | Placeholder<string, any>; userId: number | SQL<unknown> | Placeholder<string, any>; expiresAt: Date | SQL<unknown> | Placeholder<...>; }'.
      Type '{}' is missing the following properties from type '{ token: string | SQL<unknown> | Placeholder<string, any>; userId: number | SQL<unknown> | Placeholder<string, any>; expiresAt: Date | SQL<unknown> | Placeholder<...>; }': token, userId, expiresAt
  Overload 2 of 2, '(values: { token: string | SQL<unknown> | Placeholder<string, any>; userId: number | SQL<unknown> | Placeholder<string, any>; expiresAt: Date | SQL<unknown> | Placeholder<...>; }[]): PgInsertBase<...>', gave the following error.
    Argument of type '{}' is not assignable to parameter of type '{ token: string | SQL<unknown> | Placeholder<string, any>; userId: number | SQL<unknown> | Placeholder<string, any>; expiresAt: Date | SQL<unknown> | Placeholder<...>; }[]'.
      Type '{}' is missing the following properties from type '{ token: string | SQL<unknown> | Placeholder<string, any>; userId: number | SQL<unknown> | Placeholder<string, any>; expiresAt: Date | SQL<unknown> | Placeholder<...>; }[]': length, pop, push, concat, and 29 more.
server/services/password-reset.ts(244,16): error TS2353: Object literal may only specify known properties, and 'usedAt' does not exist in type '{ token?: string | SQL<unknown> | PgColumn<ColumnBaseConfig<ColumnDataType, string>, {}, {}>; userId?: number | SQL<unknown> | PgColumn<ColumnBaseConfig<...>, {}, {}>; expiresAt?: Date | ... 1 more ... | PgColumn<...>; }'.
server/storage.ts(82,8): error TS2307: Cannot find module '@shared/schema' or its corresponding type declarations.
server/storage.ts(83,27): error TS2307: Cannot find module '@shared/schema' or its corresponding type declarations.
server/storage.ts(87,8): error TS1259: Module '"C:/Users/ianam/.gemini/antigravity/scratch/ianampudia11/node_modules/@types/express-session/index"' can only be default-imported using the 'esModuleInterop' flag
server/storage.ts(847,8): error TS1259: Module '"C:/Users/ianam/.gemini/antigravity/scratch/ianampudia11/node_modules/@types/connect-pg-simple/index"' can only be default-imported using the 'esModuleInterop' flag
server/storage.ts(853,14): error TS2420: Class 'DatabaseStorage' incorrectly implements interface 'IStorage'.
  Type 'DatabaseStorage' is missing the following properties from type 'IStorage': setFlowVariable, getFlowVariable, getFlowVariables, deleteFlowVariable, getFlowVariablesByScope
server/storage.ts(3438,9): error TS2393: Duplicate function implementation.
server/storage.ts(3452,9): error TS2393: Duplicate function implementation.
server/storage.ts(3487,9): error TS2393: Duplicate function implementation.
server/storage.ts(3508,9): error TS2393: Duplicate function implementation.
server/storage.ts(3522,9): error TS2393: Duplicate function implementation.
server/storage.ts(3538,9): error TS2393: Duplicate function implementation.
server/storage.ts(4157,9): error TS2393: Duplicate function implementation.
server/storage.ts(4198,9): error TS2393: Duplicate function implementation.
server/storage.ts(4240,9): error TS2393: Duplicate function implementation.
server/storage.ts(4252,9): error TS2393: Duplicate function implementation.
server/storage.ts(4266,9): error TS2393: Duplicate function implementation.
server/storage.ts(4309,9): error TS2393: Duplicate function implementation.
server/storage.ts(4329,9): error TS2393: Duplicate function implementation.
server/storage.ts(4348,9): error TS2393: Duplicate function implementation.
server/storage.ts(4404,9): error TS2393: Duplicate function implementation.
server/storage.ts(4465,9): error TS2393: Duplicate function implementation.
server/storage.ts(4524,9): error TS2393: Duplicate function implementation.
server/storage.ts(4545,9): error TS2393: Duplicate function implementation.
server/storage.ts(7227,9): error TS2393: Duplicate function implementation.
server/storage.ts(7231,9): error TS2393: Duplicate function implementation.
server/storage.ts(7235,9): error TS2393: Duplicate function implementation.
server/storage.ts(7239,9): error TS2393: Duplicate function implementation.
server/storage.ts(7243,9): error TS2393: Duplicate function implementation.
server/storage.ts(7247,9): error TS2393: Duplicate function implementation.
server/storage.ts(7356,9): error TS2393: Duplicate function implementation.
server/storage.ts(7357,9): error TS2393: Duplicate function implementation.
server/storage.ts(7358,9): error TS2393: Duplicate function implementation.
server/storage.ts(7359,9): error TS2393: Duplicate function implementation.
server/storage.ts(7360,9): error TS2393: Duplicate function implementation.
server/storage.ts(7361,9): error TS2393: Duplicate function implementation.
server/storage.ts(7362,9): error TS2393: Duplicate function implementation.
server/storage.ts(7363,9): error TS2393: Duplicate function implementation.
server/storage.ts(7364,9): error TS2393: Duplicate function implementation.
server/storage.ts(7365,9): error TS2393: Duplicate function implementation.
server/storage.ts(7366,9): error TS2393: Duplicate function implementation.
server/storage.ts(7367,9): error TS2393: Duplicate function implementation.
server/utils/secure-env.ts(1,8): error TS1192: Module '"crypto"' has no default export.
shared/schema.ts(55,3): error TS2322: Type 'boolean' is not assignable to type 'never'.
shared/schema.ts(56,3): error TS2322: Type 'boolean' is not assignable to type 'never'.
shared/schema.ts(57,3): error TS2322: Type 'boolean' is not assignable to type 'never'.
shared/schema.ts(58,3): error TS2322: Type 'boolean' is not assignable to type 'never'.
shared/schema.ts(59,3): error TS2322: Type 'boolean' is not assignable to type 'never'.
shared/schema.ts(60,3): error TS2322: Type 'boolean' is not assignable to type 'never'.
shared/schema.ts(61,3): error TS2322: Type 'boolean' is not assignable to type 'never'.
shared/schema.ts(62,3): error TS2322: Type 'boolean' is not assignable to type 'never'.
shared/schema.ts(63,3): error TS2322: Type 'boolean' is not assignable to type 'never'.
shared/schema.ts(64,3): error TS2322: Type 'boolean' is not assignable to type 'never'.
shared/schema.ts(65,3): error TS2322: Type 'boolean' is not assignable to type 'never'.
shared/schema.ts(66,3): error TS2322: Type 'boolean' is not assignable to type 'never'.
shared/schema.ts(67,3): error TS2322: Type 'boolean' is not assignable to type 'never'.
shared/schema.ts(68,3): error TS2322: Type 'boolean' is not assignable to type 'never'.
shared/schema.ts(69,3): error TS2322: Type 'boolean' is not assignable to type 'never'.
shared/schema.ts(70,3): error TS2322: Type 'boolean' is not assignable to type 'never'.
shared/schema.ts(71,3): error TS2322: Type 'boolean' is not assignable to type 'never'.
shared/schema.ts(72,3): error TS2322: Type 'boolean' is not assignable to type 'never'.
shared/schema.ts(73,3): error TS2322: Type 'boolean' is not assignable to type 'never'.
shared/schema.ts(74,3): error TS2322: Type 'boolean' is not assignable to type 'never'.
shared/schema.ts(75,3): error TS2322: Type 'boolean' is not assignable to type 'never'.
shared/schema.ts(76,3): error TS2322: Type 'boolean' is not assignable to type 'never'.
shared/schema.ts(77,3): error TS2322: Type 'boolean' is not assignable to type 'never'.
shared/schema.ts(78,3): error TS2322: Type 'boolean' is not assignable to type 'never'.
shared/schema.ts(79,3): error TS2322: Type 'boolean' is not assignable to type 'never'.
shared/schema.ts(80,3): error TS2322: Type 'boolean' is not assignable to type 'never'.
shared/schema.ts(81,3): error TS2322: Type 'boolean' is not assignable to type 'never'.
shared/schema.ts(82,3): error TS2322: Type 'boolean' is not assignable to type 'never'.
shared/schema.ts(84,3): error TS2322: Type 'boolean' is not assignable to type 'never'.
shared/schema.ts(85,3): error TS2322: Type 'boolean' is not assignable to type 'never'.
shared/schema.ts(86,3): error TS2322: Type 'boolean' is not assignable to type 'never'.
shared/schema.ts(87,3): error TS2322: Type 'boolean' is not assignable to type 'never'.
shared/schema.ts(143,3): error TS2322: Type 'boolean' is not assignable to type 'never'.
shared/schema.ts(144,3): error TS2322: Type 'boolean' is not assignable to type 'never'.
shared/schema.ts(145,3): error TS2322: Type 'boolean' is not assignable to type 'never'.
shared/schema.ts(146,3): error TS2322: Type 'boolean' is not assignable to type 'never'.
shared/schema.ts(147,3): error TS2322: Type 'boolean' is not assignable to type 'never'.
shared/schema.ts(148,3): error TS2322: Type 'boolean' is not assignable to type 'never'.
shared/schema.ts(149,3): error TS2322: Type 'boolean' is not assignable to type 'never'.
shared/schema.ts(150,3): error TS2322: Type 'boolean' is not assignable to type 'never'.
shared/schema.ts(151,3): error TS2322: Type 'boolean' is not assignable to type 'never'.
shared/schema.ts(152,3): error TS2322: Type 'boolean' is not assignable to type 'never'.
shared/schema.ts(153,3): error TS2322: Type 'boolean' is not assignable to type 'never'.
shared/schema.ts(154,3): error TS2322: Type 'boolean' is not assignable to type 'never'.
shared/schema.ts(155,3): error TS2322: Type 'boolean' is not assignable to type 'never'.
shared/schema.ts(159,3): error TS2322: Type 'boolean' is not assignable to type 'never'.
shared/schema.ts(160,3): error TS2322: Type 'boolean' is not assignable to type 'never'.
shared/schema.ts(161,3): error TS2322: Type 'boolean' is not assignable to type 'never'.
shared/schema.ts(165,3): error TS2322: Type 'boolean' is not assignable to type 'never'.
shared/schema.ts(166,3): error TS2322: Type 'boolean' is not assignable to type 'never'.
shared/schema.ts(167,3): error TS2322: Type 'boolean' is not assignable to type 'never'.
shared/schema.ts(168,3): error TS2322: Type 'boolean' is not assignable to type 'never'.
shared/schema.ts(169,3): error TS2322: Type 'boolean' is not assignable to type 'never'.
shared/schema.ts(170,3): error TS2322: Type 'boolean' is not assignable to type 'never'.
shared/schema.ts(171,3): error TS2322: Type 'boolean' is not assignable to type 'never'.
shared/schema.ts(172,3): error TS2322: Type 'boolean' is not assignable to type 'never'.
shared/schema.ts(173,3): error TS2322: Type 'boolean' is not assignable to type 'never'.
shared/schema.ts(174,3): error TS2322: Type 'boolean' is not assignable to type 'never'.
shared/schema.ts(175,3): error TS2322: Type 'boolean' is not assignable to type 'never'.
shared/schema.ts(176,3): error TS2322: Type 'boolean' is not assignable to type 'never'.
shared/schema.ts(177,3): error TS2322: Type 'boolean' is not assignable to type 'never'.
shared/schema.ts(573,3): error TS2322: Type 'boolean' is not assignable to type 'never'.
shared/schema.ts(574,3): error TS2322: Type 'boolean' is not assignable to type 'never'.
shared/schema.ts(575,3): error TS2322: Type 'boolean' is not assignable to type 'never'.
shared/schema.ts(576,3): error TS2322: Type 'boolean' is not assignable to type 'never'.
shared/schema.ts(577,3): error TS2322: Type 'boolean' is not assignable to type 'never'.
shared/schema.ts(578,3): error TS2322: Type 'boolean' is not assignable to type 'never'.
shared/schema.ts(579,3): error TS2322: Type 'boolean' is not assignable to type 'never'.
shared/schema.ts(580,3): error TS2322: Type 'boolean' is not assignable to type 'never'.
shared/schema.ts(581,3): error TS2322: Type 'boolean' is not assignable to type 'never'.
shared/schema.ts(582,3): error TS2322: Type 'boolean' is not assignable to type 'never'.
shared/schema.ts(583,3): error TS2322: Type 'boolean' is not assignable to type 'never'.
shared/schema.ts(584,3): error TS2322: Type 'boolean' is not assignable to type 'never'.
shared/schema.ts(585,3): error TS2322: Type 'boolean' is not assignable to type 'never'.
shared/schema.ts(586,3): error TS2322: Type 'boolean' is not assignable to type 'never'.
shared/schema.ts(587,3): error TS2322: Type 'boolean' is not assignable to type 'never'.
shared/schema.ts(588,3): error TS2322: Type 'boolean' is not assignable to type 'never'.
shared/schema.ts(589,3): error TS2322: Type 'boolean' is not assignable to type 'never'.
shared/schema.ts(590,3): error TS2322: Type 'boolean' is not assignable to type 'never'.
shared/schema.ts(591,3): error TS2322: Type 'boolean' is not assignable to type 'never'.
shared/schema.ts(592,3): error TS2322: Type 'boolean' is not assignable to type 'never'.
shared/schema.ts(593,3): error TS2322: Type 'boolean' is not assignable to type 'never'.
shared/schema.ts(594,3): error TS2322: Type 'boolean' is not assignable to type 'never'.
shared/schema.ts(595,3): error TS2322: Type 'boolean' is not assignable to type 'never'.
shared/schema.ts(598,12): error TS2339: Property 'proxyEnabled' does not exist on type '{}'.
shared/schema.ts(599,15): error TS2339: Property 'proxyType' does not exist on type '{}'.
shared/schema.ts(606,15): error TS2339: Property 'proxyHost' does not exist on type '{}'.
shared/schema.ts(613,15): error TS2339: Property 'proxyPort' does not exist on type '{}'.
shared/schema.ts(619,21): error TS2339: Property 'proxyPort' does not exist on type '{}'.
shared/schema.ts(619,43): error TS2339: Property 'proxyPort' does not exist on type '{}'.
shared/schema.ts(630,3): error TS2322: Type 'boolean' is not assignable to type 'never'.
shared/schema.ts(631,3): error TS2322: Type 'boolean' is not assignable to type 'never'.
shared/schema.ts(632,3): error TS2322: Type 'boolean' is not assignable to type 'never'.
shared/schema.ts(633,3): error TS2322: Type 'boolean' is not assignable to type 'never'.
shared/schema.ts(634,3): error TS2322: Type 'boolean' is not assignable to type 'never'.
shared/schema.ts(635,3): error TS2322: Type 'boolean' is not assignable to type 'never'.
shared/schema.ts(636,3): error TS2322: Type 'boolean' is not assignable to type 'never'.
shared/schema.ts(637,3): error TS2322: Type 'boolean' is not assignable to type 'never'.
shared/schema.ts(638,3): error TS2322: Type 'boolean' is not assignable to type 'never'.
shared/schema.ts(639,3): error TS2322: Type 'boolean' is not assignable to type 'never'.
shared/schema.ts(640,3): error TS2322: Type 'boolean' is not assignable to type 'never'.
shared/schema.ts(644,3): error TS2322: Type 'boolean' is not assignable to type 'never'.
shared/schema.ts(645,3): error TS2322: Type 'boolean' is not assignable to type 'never'.
shared/schema.ts(646,3): error TS2322: Type 'boolean' is not assignable to type 'never'.
shared/schema.ts(647,3): error TS2322: Type 'boolean' is not assignable to type 'never'.
shared/schema.ts(648,3): error TS2322: Type 'boolean' is not assignable to type 'never'.
shared/schema.ts(652,3): error TS2322: Type 'boolean' is not assignable to type 'never'.
shared/schema.ts(653,3): error TS2322: Type 'boolean' is not assignable to type 'never'.
shared/schema.ts(654,3): error TS2322: Type 'boolean' is not assignable to type 'never'.
shared/schema.ts(655,3): error TS2322: Type 'boolean' is not assignable to type 'never'.
shared/schema.ts(656,3): error TS2322: Type 'boolean' is not assignable to type 'never'.
shared/schema.ts(657,3): error TS2322: Type 'boolean' is not assignable to type 'never'.
shared/schema.ts(658,3): error TS2322: Type 'boolean' is not assignable to type 'never'.
shared/schema.ts(659,3): error TS2322: Type 'boolean' is not assignable to type 'never'.
shared/schema.ts(660,3): error TS2322: Type 'boolean' is not assignable to type 'never'.
shared/schema.ts(664,3): error TS2322: Type 'boolean' is not assignable to type 'never'.
shared/schema.ts(665,3): error TS2322: Type 'boolean' is not assignable to type 'never'.
shared/schema.ts(666,3): error TS2322: Type 'boolean' is not assignable to type 'never'.
shared/schema.ts(667,3): error TS2322: Type 'boolean' is not assignable to type 'never'.
shared/schema.ts(668,3): error TS2322: Type 'boolean' is not assignable to type 'never'.
shared/schema.ts(672,3): error TS2322: Type 'boolean' is not assignable to type 'never'.
shared/schema.ts(673,3): error TS2322: Type 'boolean' is not assignable to type 'never'.
shared/schema.ts(674,3): error TS2322: Type 'boolean' is not assignable to type 'never'.
shared/schema.ts(675,3): error TS2322: Type 'boolean' is not assignable to type 'never'.
shared/schema.ts(676,3): error TS2322: Type 'boolean' is not assignable to type 'never'.
shared/schema.ts(677,3): error TS2322: Type 'boolean' is not assignable to type 'never'.
shared/schema.ts(678,3): error TS2322: Type 'boolean' is not assignable to type 'never'.
shared/schema.ts(679,3): error TS2322: Type 'boolean' is not assignable to type 'never'.
shared/schema.ts(683,3): error TS2322: Type 'boolean' is not assignable to type 'never'.
shared/schema.ts(684,3): error TS2322: Type 'boolean' is not assignable to type 'never'.
shared/schema.ts(685,3): error TS2322: Type 'boolean' is not assignable to type 'never'.
shared/schema.ts(686,3): error TS2322: Type 'boolean' is not assignable to type 'never'.
shared/schema.ts(687,3): error TS2322: Type 'boolean' is not assignable to type 'never'.
shared/schema.ts(688,3): error TS2322: Type 'boolean' is not assignable to type 'never'.
shared/schema.ts(689,3): error TS2322: Type 'boolean' is not assignable to type 'never'.
shared/schema.ts(690,3): error TS2322: Type 'boolean' is not assignable to type 'never'.
shared/schema.ts(694,3): error TS2322: Type 'boolean' is not assignable to type 'never'.
shared/schema.ts(695,3): error TS2322: Type 'boolean' is not assignable to type 'never'.
shared/schema.ts(696,3): error TS2322: Type 'boolean' is not assignable to type 'never'.
shared/schema.ts(697,3): error TS2322: Type 'boolean' is not assignable to type 'never'.
shared/schema.ts(698,3): error TS2322: Type 'boolean' is not assignable to type 'never'.
shared/schema.ts(699,3): error TS2322: Type 'boolean' is not assignable to type 'never'.
shared/schema.ts(700,3): error TS2322: Type 'boolean' is not assignable to type 'never'.
shared/schema.ts(701,3): error TS2322: Type 'boolean' is not assignable to type 'never'.
shared/schema.ts(702,3): error TS2322: Type 'boolean' is not assignable to type 'never'.
shared/schema.ts(703,3): error TS2322: Type 'boolean' is not assignable to type 'never'.
shared/schema.ts(707,3): error TS2322: Type 'boolean' is not assignable to type 'never'.
shared/schema.ts(708,3): error TS2322: Type 'boolean' is not assignable to type 'never'.
shared/schema.ts(709,3): error TS2322: Type 'boolean' is not assignable to type 'never'.
shared/schema.ts(710,3): error TS2322: Type 'boolean' is not assignable to type 'never'.
shared/schema.ts(711,3): error TS2322: Type 'boolean' is not assignable to type 'never'.
shared/schema.ts(712,3): error TS2322: Type 'boolean' is not assignable to type 'never'.
shared/schema.ts(713,3): error TS2322: Type 'boolean' is not assignable to type 'never'.
shared/schema.ts(717,3): error TS2322: Type 'boolean' is not assignable to type 'never'.
shared/schema.ts(718,3): error TS2322: Type 'boolean' is not assignable to type 'never'.
shared/schema.ts(719,3): error TS2322: Type 'boolean' is not assignable to type 'never'.
shared/schema.ts(720,3): error TS2322: Type 'boolean' is not assignable to type 'never'.
shared/schema.ts(721,3): error TS2322: Type 'boolean' is not assignable to type 'never'.
shared/schema.ts(722,3): error TS2322: Type 'boolean' is not assignable to type 'never'.
shared/schema.ts(723,3): error TS2322: Type 'boolean' is not assignable to type 'never'.
shared/schema.ts(724,3): error TS2322: Type 'boolean' is not assignable to type 'never'.
shared/schema.ts(725,3): error TS2322: Type 'boolean' is not assignable to type 'never'.
shared/schema.ts(726,3): error TS2322: Type 'boolean' is not assignable to type 'never'.
shared/schema.ts(727,3): error TS2322: Type 'boolean' is not assignable to type 'never'.
shared/schema.ts(728,3): error TS2322: Type 'boolean' is not assignable to type 'never'.
shared/schema.ts(729,3): error TS2322: Type 'boolean' is not assignable to type 'never'.
shared/schema.ts(730,3): error TS2322: Type 'boolean' is not assignable to type 'never'.
shared/schema.ts(731,3): error TS2322: Type 'boolean' is not assignable to type 'never'.
shared/schema.ts(732,3): error TS2322: Type 'boolean' is not assignable to type 'never'.
shared/schema.ts(733,3): error TS2322: Type 'boolean' is not assignable to type 'never'.
shared/schema.ts(734,3): error TS2322: Type 'boolean' is not assignable to type 'never'.
shared/schema.ts(735,3): error TS2322: Type 'boolean' is not assignable to type 'never'.
shared/schema.ts(736,3): error TS2322: Type 'boolean' is not assignable to type 'never'.
shared/schema.ts(737,3): error TS2322: Type 'boolean' is not assignable to type 'never'.
shared/schema.ts(738,3): error TS2322: Type 'boolean' is not assignable to type 'never'.
shared/schema.ts(739,3): error TS2322: Type 'boolean' is not assignable to type 'never'.
shared/schema.ts(740,3): error TS2322: Type 'boolean' is not assignable to type 'never'.
shared/schema.ts(741,3): error TS2322: Type 'boolean' is not assignable to type 'never'.
shared/schema.ts(745,3): error TS2322: Type 'boolean' is not assignable to type 'never'.
shared/schema.ts(746,3): error TS2322: Type 'boolean' is not assignable to type 'never'.
shared/schema.ts(747,3): error TS2322: Type 'boolean' is not assignable to type 'never'.
shared/schema.ts(748,3): error TS2322: Type 'boolean' is not assignable to type 'never'.
shared/schema.ts(749,3): error TS2322: Type 'boolean' is not assignable to type 'never'.
shared/schema.ts(750,3): error TS2322: Type 'boolean' is not assignable to type 'never'.
shared/schema.ts(751,3): error TS2322: Type 'boolean' is not assignable to type 'never'.
shared/schema.ts(752,3): error TS2322: Type 'boolean' is not assignable to type 'never'.
shared/schema.ts(753,3): error TS2322: Type 'boolean' is not assignable to type 'never'.
shared/schema.ts(754,3): error TS2322: Type 'boolean' is not assignable to type 'never'.
shared/schema.ts(755,3): error TS2322: Type 'boolean' is not assignable to type 'never'.
shared/schema.ts(756,3): error TS2322: Type 'boolean' is not assignable to type 'never'.
shared/schema.ts(757,3): error TS2322: Type 'boolean' is not assignable to type 'never'.
shared/schema.ts(758,3): error TS2322: Type 'boolean' is not assignable to type 'never'.
shared/schema.ts(762,3): error TS2322: Type 'boolean' is not assignable to type 'never'.
shared/schema.ts(763,3): error TS2322: Type 'boolean' is not assignable to type 'never'.
shared/schema.ts(764,3): error TS2322: Type 'boolean' is not assignable to type 'never'.
shared/schema.ts(765,3): error TS2322: Type 'boolean' is not assignable to type 'never'.
shared/schema.ts(766,3): error TS2322: Type 'boolean' is not assignable to type 'never'.
shared/schema.ts(767,3): error TS2322: Type 'boolean' is not assignable to type 'never'.
shared/schema.ts(768,3): error TS2322: Type 'boolean' is not assignable to type 'never'.
shared/schema.ts(769,3): error TS2322: Type 'boolean' is not assignable to type 'never'.
shared/schema.ts(770,3): error TS2322: Type 'boolean' is not assignable to type 'never'.
shared/schema.ts(771,3): error TS2322: Type 'boolean' is not assignable to type 'never'.
shared/schema.ts(772,3): error TS2322: Type 'boolean' is not assignable to type 'never'.
shared/schema.ts(773,3): error TS2322: Type 'boolean' is not assignable to type 'never'.
shared/schema.ts(774,3): error TS2322: Type 'boolean' is not assignable to type 'never'.
shared/schema.ts(778,3): error TS2322: Type 'boolean' is not assignable to type 'never'.
shared/schema.ts(779,3): error TS2322: Type 'boolean' is not assignable to type 'never'.
shared/schema.ts(780,3): error TS2322: Type 'boolean' is not assignable to type 'never'.
shared/schema.ts(781,3): error TS2322: Type 'boolean' is not assignable to type 'never'.
shared/schema.ts(812,3): error TS2322: Type 'boolean' is not assignable to type 'never'.
shared/schema.ts(813,3): error TS2322: Type 'boolean' is not assignable to type 'never'.
shared/schema.ts(814,3): error TS2322: Type 'boolean' is not assignable to type 'never'.
shared/schema.ts(815,3): error TS2322: Type 'boolean' is not assignable to type 'never'.
shared/schema.ts(816,3): error TS2322: Type 'boolean' is not assignable to type 'never'.
shared/schema.ts(817,3): error TS2322: Type 'boolean' is not assignable to type 'never'.
shared/schema.ts(818,3): error TS2322: Type 'boolean' is not assignable to type 'never'.
shared/schema.ts(819,3): error TS2322: Type 'boolean' is not assignable to type 'never'.
shared/schema.ts(820,3): error TS2322: Type 'boolean' is not assignable to type 'never'.
shared/schema.ts(821,3): error TS2322: Type 'boolean' is not assignable to type 'never'.
shared/schema.ts(822,3): error TS2322: Type 'boolean' is not assignable to type 'never'.
shared/schema.ts(823,3): error TS2322: Type 'boolean' is not assignable to type 'never'.
shared/schema.ts(824,3): error TS2322: Type 'boolean' is not assignable to type 'never'.
shared/schema.ts(825,3): error TS2322: Type 'boolean' is not assignable to type 'never'.
shared/schema.ts(826,3): error TS2322: Type 'boolean' is not assignable to type 'never'.
shared/schema.ts(827,3): error TS2322: Type 'boolean' is not assignable to type 'never'.
shared/schema.ts(828,3): error TS2322: Type 'boolean' is not assignable to type 'never'.
shared/schema.ts(847,3): error TS2322: Type 'boolean' is not assignable to type 'never'.
shared/schema.ts(848,3): error TS2322: Type 'boolean' is not assignable to type 'never'.
shared/schema.ts(849,3): error TS2322: Type 'boolean' is not assignable to type 'never'.
shared/schema.ts(850,3): error TS2322: Type 'boolean' is not assignable to type 'never'.
shared/schema.ts(851,3): error TS2322: Type 'boolean' is not assignable to type 'never'.
shared/schema.ts(852,3): error TS2322: Type 'boolean' is not assignable to type 'never'.
shared/schema.ts(853,3): error TS2322: Type 'boolean' is not assignable to type 'never'.
shared/schema.ts(854,3): error TS2322: Type 'boolean' is not assignable to type 'never'.
shared/schema.ts(855,3): error TS2322: Type 'boolean' is not assignable to type 'never'.
shared/schema.ts(856,3): error TS2322: Type 'boolean' is not assignable to type 'never'.
shared/schema.ts(872,3): error TS2322: Type 'boolean' is not assignable to type 'never'.
shared/schema.ts(873,3): error TS2322: Type 'boolean' is not assignable to type 'never'.
shared/schema.ts(905,3): error TS2322: Type 'boolean' is not assignable to type 'never'.
shared/schema.ts(906,3): error TS2322: Type 'boolean' is not assignable to type 'never'.
shared/schema.ts(907,3): error TS2322: Type 'boolean' is not assignable to type 'never'.
shared/schema.ts(908,3): error TS2322: Type 'boolean' is not assignable to type 'never'.
shared/schema.ts(909,3): error TS2322: Type 'boolean' is not assignable to type 'never'.
shared/schema.ts(910,3): error TS2322: Type 'boolean' is not assignable to type 'never'.
shared/schema.ts(911,3): error TS2322: Type 'boolean' is not assignable to type 'never'.
shared/schema.ts(912,3): error TS2322: Type 'boolean' is not assignable to type 'never'.
shared/schema.ts(913,3): error TS2322: Type 'boolean' is not assignable to type 'never'.
shared/schema.ts(914,3): error TS2322: Type 'boolean' is not assignable to type 'never'.
shared/schema.ts(915,3): error TS2322: Type 'boolean' is not assignable to type 'never'.
shared/schema.ts(916,3): error TS2322: Type 'boolean' is not assignable to type 'never'.
shared/schema.ts(917,3): error TS2322: Type 'boolean' is not assignable to type 'never'.
shared/schema.ts(918,3): error TS2322: Type 'boolean' is not assignable to type 'never'.
shared/schema.ts(919,3): error TS2322: Type 'boolean' is not assignable to type 'never'.
shared/schema.ts(920,3): error TS2322: Type 'boolean' is not assignable to type 'never'.
shared/schema.ts(960,3): error TS2322: Type 'boolean' is not assignable to type 'never'.
shared/schema.ts(961,3): error TS2322: Type 'boolean' is not assignable to type 'never'.
shared/schema.ts(962,3): error TS2322: Type 'boolean' is not assignable to type 'never'.
shared/schema.ts(963,3): error TS2322: Type 'boolean' is not assignable to type 'never'.
shared/schema.ts(964,3): error TS2322: Type 'boolean' is not assignable to type 'never'.
shared/schema.ts(965,3): error TS2322: Type 'boolean' is not assignable to type 'never'.
shared/schema.ts(966,3): error TS2322: Type 'boolean' is not assignable to type 'never'.
shared/schema.ts(967,3): error TS2322: Type 'boolean' is not assignable to type 'never'.
shared/schema.ts(968,3): error TS2322: Type 'boolean' is not assignable to type 'never'.
shared/schema.ts(969,3): error TS2322: Type 'boolean' is not assignable to type 'never'.
shared/schema.ts(970,3): error TS2322: Type 'boolean' is not assignable to type 'never'.
shared/schema.ts(971,3): error TS2322: Type 'boolean' is not assignable to type 'never'.
shared/schema.ts(972,3): error TS2322: Type 'boolean' is not assignable to type 'never'.
shared/schema.ts(973,3): error TS2322: Type 'boolean' is not assignable to type 'never'.
shared/schema.ts(974,3): error TS2322: Type 'boolean' is not assignable to type 'never'.
shared/schema.ts(975,3): error TS2322: Type 'boolean' is not assignable to type 'never'.
shared/schema.ts(976,3): error TS2322: Type 'boolean' is not assignable to type 'never'.
shared/schema.ts(977,3): error TS2322: Type 'boolean' is not assignable to type 'never'.
shared/schema.ts(978,3): error TS2322: Type 'boolean' is not assignable to type 'never'.
shared/schema.ts(979,3): error TS2322: Type 'boolean' is not assignable to type 'never'.
shared/schema.ts(980,3): error TS2322: Type 'boolean' is not assignable to type 'never'.
shared/schema.ts(981,3): error TS2322: Type 'boolean' is not assignable to type 'never'.
shared/schema.ts(982,3): error TS2322: Type 'boolean' is not assignable to type 'never'.
shared/schema.ts(983,3): error TS2322: Type 'boolean' is not assignable to type 'never'.
shared/schema.ts(984,3): error TS2322: Type 'boolean' is not assignable to type 'never'.
shared/schema.ts(1003,3): error TS2322: Type 'boolean' is not assignable to type 'never'.
shared/schema.ts(1004,3): error TS2322: Type 'boolean' is not assignable to type 'never'.
shared/schema.ts(1005,3): error TS2322: Type 'boolean' is not assignable to type 'never'.
shared/schema.ts(1006,3): error TS2322: Type 'boolean' is not assignable to type 'never'.
shared/schema.ts(1007,3): error TS2322: Type 'boolean' is not assignable to type 'never'.
shared/schema.ts(1008,3): error TS2322: Type 'boolean' is not assignable to type 'never'.
shared/schema.ts(1009,3): error TS2322: Type 'boolean' is not assignable to type 'never'.
shared/schema.ts(1010,3): error TS2322: Type 'boolean' is not assignable to type 'never'.
shared/schema.ts(1011,3): error TS2322: Type 'boolean' is not assignable to type 'never'.
shared/schema.ts(1052,3): error TS2322: Type 'boolean' is not assignable to type 'never'.
shared/schema.ts(1053,3): error TS2322: Type 'boolean' is not assignable to type 'never'.
shared/schema.ts(1054,3): error TS2322: Type 'boolean' is not assignable to type 'never'.
shared/schema.ts(1055,3): error TS2322: Type 'boolean' is not assignable to type 'never'.
shared/schema.ts(1056,3): error TS2322: Type 'boolean' is not assignable to type 'never'.
shared/schema.ts(1057,3): error TS2322: Type 'boolean' is not assignable to type 'never'.
shared/schema.ts(1058,3): error TS2322: Type 'boolean' is not assignable to type 'never'.
shared/schema.ts(1059,3): error TS2322: Type 'boolean' is not assignable to type 'never'.
shared/schema.ts(1060,3): error TS2322: Type 'boolean' is not assignable to type 'never'.
shared/schema.ts(1061,3): error TS2322: Type 'boolean' is not assignable to type 'never'.
shared/schema.ts(1062,3): error TS2322: Type 'boolean' is not assignable to type 'never'.
shared/schema.ts(1063,3): error TS2322: Type 'boolean' is not assignable to type 'never'.
shared/schema.ts(1064,3): error TS2322: Type 'boolean' is not assignable to type 'never'.
shared/schema.ts(1065,3): error TS2322: Type 'boolean' is not assignable to type 'never'.
shared/schema.ts(1066,3): error TS2322: Type 'boolean' is not assignable to type 'never'.
shared/schema.ts(1067,3): error TS2322: Type 'boolean' is not assignable to type 'never'.
shared/schema.ts(1068,3): error TS2322: Type 'boolean' is not assignable to type 'never'.
shared/schema.ts(1069,3): error TS2322: Type 'boolean' is not assignable to type 'never'.
shared/schema.ts(1082,3): error TS2322: Type 'boolean' is not assignable to type 'never'.
shared/schema.ts(1083,3): error TS2322: Type 'boolean' is not assignable to type 'never'.
shared/schema.ts(1084,3): error TS2322: Type 'boolean' is not assignable to type 'never'.
shared/schema.ts(1369,3): error TS2322: Type 'boolean' is not assignable to type 'never'.
shared/schema.ts(1370,3): error TS2322: Type 'boolean' is not assignable to type 'never'.
shared/schema.ts(1371,3): error TS2322: Type 'boolean' is not assignable to type 'never'.
shared/schema.ts(1372,3): error TS2322: Type 'boolean' is not assignable to type 'never'.
shared/schema.ts(1373,3): error TS2322: Type 'boolean' is not assignable to type 'never'.
shared/schema.ts(1374,3): error TS2322: Type 'boolean' is not assignable to type 'never'.
shared/schema.ts(1375,3): error TS2322: Type 'boolean' is not assignable to type 'never'.
shared/schema.ts(1376,3): error TS2322: Type 'boolean' is not assignable to type 'never'.
shared/schema.ts(1498,3): error TS2322: Type 'boolean' is not assignable to type 'never'.
shared/schema.ts(1499,3): error TS2322: Type 'boolean' is not assignable to type 'never'.
shared/schema.ts(1500,3): error TS2322: Type 'boolean' is not assignable to type 'never'.
shared/schema.ts(1504,3): error TS2322: Type 'boolean' is not assignable to type 'never'.
shared/schema.ts(1505,3): error TS2322: Type 'boolean' is not assignable to type 'never'.
shared/schema.ts(1506,3): error TS2322: Type 'boolean' is not assignable to type 'never'.
shared/schema.ts(1507,3): error TS2322: Type 'boolean' is not assignable to type 'never'.
shared/schema.ts(1508,3): error TS2322: Type 'boolean' is not assignable to type 'never'.
shared/schema.ts(1509,3): error TS2322: Type 'boolean' is not assignable to type 'never'.
shared/schema.ts(1510,3): error TS2322: Type 'boolean' is not assignable to type 'never'.
shared/schema.ts(1511,3): error TS2322: Type 'boolean' is not assignable to type 'never'.
shared/schema.ts(1512,3): error TS2322: Type 'boolean' is not assignable to type 'never'.
shared/schema.ts(1513,3): error TS2322: Type 'boolean' is not assignable to type 'never'.
shared/schema.ts(1514,3): error TS2322: Type 'boolean' is not assignable to type 'never'.
shared/schema.ts(1515,3): error TS2322: Type 'boolean' is not assignable to type 'never'.
shared/schema.ts(1516,3): error TS2322: Type 'boolean' is not assignable to type 'never'.
shared/schema.ts(1517,3): error TS2322: Type 'boolean' is not assignable to type 'never'.
shared/schema.ts(1521,3): error TS2322: Type 'boolean' is not assignable to type 'never'.
shared/schema.ts(1522,3): error TS2322: Type 'boolean' is not assignable to type 'never'.
shared/schema.ts(1523,3): error TS2322: Type 'boolean' is not assignable to type 'never'.
shared/schema.ts(1524,3): error TS2322: Type 'boolean' is not assignable to type 'never'.
shared/schema.ts(1525,3): error TS2322: Type 'boolean' is not assignable to type 'never'.
shared/schema.ts(1526,3): error TS2322: Type 'boolean' is not assignable to type 'never'.
shared/schema.ts(1527,3): error TS2322: Type 'boolean' is not assignable to type 'never'.
shared/schema.ts(1528,3): error TS2322: Type 'boolean' is not assignable to type 'never'.
shared/schema.ts(1532,3): error TS2322: Type 'boolean' is not assignable to type 'never'.
shared/schema.ts(1533,3): error TS2322: Type 'boolean' is not assignable to type 'never'.
shared/schema.ts(1534,3): error TS2322: Type 'boolean' is not assignable to type 'never'.
shared/schema.ts(1535,3): error TS2322: Type 'boolean' is not assignable to type 'never'.
shared/schema.ts(1536,3): error TS2322: Type 'boolean' is not assignable to type 'never'.
shared/schema.ts(1537,3): error TS2322: Type 'boolean' is not assignable to type 'never'.
shared/schema.ts(1538,3): error TS2322: Type 'boolean' is not assignable to type 'never'.
shared/schema.ts(1539,3): error TS2322: Type 'boolean' is not assignable to type 'never'.
shared/schema.ts(1540,3): error TS2322: Type 'boolean' is not assignable to type 'never'.
shared/schema.ts(1541,3): error TS2322: Type 'boolean' is not assignable to type 'never'.
shared/schema.ts(1655,3): error TS2322: Type 'boolean' is not assignable to type 'never'.
shared/schema.ts(1656,3): error TS2322: Type 'boolean' is not assignable to type 'never'.
shared/schema.ts(1657,3): error TS2322: Type 'boolean' is not assignable to type 'never'.
shared/schema.ts(1658,3): error TS2322: Type 'boolean' is not assignable to type 'never'.
shared/schema.ts(1659,3): error TS2322: Type 'boolean' is not assignable to type 'never'.
shared/schema.ts(1660,3): error TS2322: Type 'boolean' is not assignable to type 'never'.
shared/schema.ts(1661,3): error TS2322: Type 'boolean' is not assignable to type 'never'.
shared/schema.ts(1662,3): error TS2322: Type 'boolean' is not assignable to type 'never'.
shared/schema.ts(1663,3): error TS2322: Type 'boolean' is not assignable to type 'never'.
shared/schema.ts(1664,3): error TS2322: Type 'boolean' is not assignable to type 'never'.
shared/schema.ts(1665,3): error TS2322: Type 'boolean' is not assignable to type 'never'.
shared/schema.ts(1666,3): error TS2322: Type 'boolean' is not assignable to type 'never'.
shared/schema.ts(1667,3): error TS2322: Type 'boolean' is not assignable to type 'never'.
shared/schema.ts(1668,3): error TS2322: Type 'boolean' is not assignable to type 'never'.
shared/schema.ts(1669,3): error TS2322: Type 'boolean' is not assignable to type 'never'.
shared/schema.ts(1670,3): error TS2322: Type 'boolean' is not assignable to type 'never'.
shared/schema.ts(1671,3): error TS2322: Type 'boolean' is not assignable to type 'never'.
shared/schema.ts(1672,3): error TS2322: Type 'boolean' is not assignable to type 'never'.
shared/schema.ts(1673,3): error TS2322: Type 'boolean' is not assignable to type 'never'.
shared/schema.ts(1674,3): error TS2322: Type 'boolean' is not assignable to type 'never'.
shared/schema.ts(1675,3): error TS2322: Type 'boolean' is not assignable to type 'never'.
shared/schema.ts(1676,3): error TS2322: Type 'boolean' is not assignable to type 'never'.
shared/schema.ts(1677,3): error TS2322: Type 'boolean' is not assignable to type 'never'.
shared/schema.ts(1678,3): error TS2322: Type 'boolean' is not assignable to type 'never'.
shared/schema.ts(1679,3): error TS2322: Type 'boolean' is not assignable to type 'never'.
shared/schema.ts(1680,3): error TS2322: Type 'boolean' is not assignable to type 'never'.
shared/schema.ts(1684,3): error TS2322: Type 'boolean' is not assignable to type 'never'.
shared/schema.ts(1685,3): error TS2322: Type 'boolean' is not assignable to type 'never'.
shared/schema.ts(1686,3): error TS2322: Type 'boolean' is not assignable to type 'never'.
shared/schema.ts(1687,3): error TS2322: Type 'boolean' is not assignable to type 'never'.
shared/schema.ts(1688,3): error TS2322: Type 'boolean' is not assignable to type 'never'.
shared/schema.ts(1689,3): error TS2322: Type 'boolean' is not assignable to type 'never'.
shared/schema.ts(1690,3): error TS2322: Type 'boolean' is not assignable to type 'never'.
shared/schema.ts(1691,3): error TS2322: Type 'boolean' is not assignable to type 'never'.
shared/schema.ts(1692,3): error TS2322: Type 'boolean' is not assignable to type 'never'.
shared/schema.ts(1693,3): error TS2322: Type 'boolean' is not assignable to type 'never'.
shared/schema.ts(1694,3): error TS2322: Type 'boolean' is not assignable to type 'never'.
shared/schema.ts(1695,3): error TS2322: Type 'boolean' is not assignable to type 'never'.
shared/schema.ts(1696,3): error TS2322: Type 'boolean' is not assignable to type 'never'.
shared/schema.ts(1700,3): error TS2322: Type 'boolean' is not assignable to type 'never'.
shared/schema.ts(1701,3): error TS2322: Type 'boolean' is not assignable to type 'never'.
shared/schema.ts(1702,3): error TS2322: Type 'boolean' is not assignable to type 'never'.
shared/schema.ts(1703,3): error TS2322: Type 'boolean' is not assignable to type 'never'.
shared/schema.ts(1704,3): error TS2322: Type 'boolean' is not assignable to type 'never'.
shared/schema.ts(1705,3): error TS2322: Type 'boolean' is not assignable to type 'never'.
shared/schema.ts(1706,3): error TS2322: Type 'boolean' is not assignable to type 'never'.
shared/schema.ts(1707,3): error TS2322: Type 'boolean' is not assignable to type 'never'.
shared/schema.ts(1708,3): error TS2322: Type 'boolean' is not assignable to type 'never'.
shared/schema.ts(1726,3): error TS2322: Type 'boolean' is not assignable to type 'never'.
shared/schema.ts(1727,3): error TS2322: Type 'boolean' is not assignable to type 'never'.
shared/schema.ts(1728,3): error TS2322: Type 'boolean' is not assignable to type 'never'.
shared/schema.ts(1729,3): error TS2322: Type 'boolean' is not assignable to type 'never'.
shared/schema.ts(1730,3): error TS2322: Type 'boolean' is not assignable to type 'never'.
shared/schema.ts(1731,3): error TS2322: Type 'boolean' is not assignable to type 'never'.
shared/schema.ts(1732,3): error TS2322: Type 'boolean' is not assignable to type 'never'.
shared/schema.ts(1733,3): error TS2322: Type 'boolean' is not assignable to type 'never'.
shared/schema.ts(1753,3): error TS2322: Type 'boolean' is not assignable to type 'never'.
shared/schema.ts(1754,3): error TS2322: Type 'boolean' is not assignable to type 'never'.
shared/schema.ts(1755,3): error TS2322: Type 'boolean' is not assignable to type 'never'.
shared/schema.ts(1756,3): error TS2322: Type 'boolean' is not assignable to type 'never'.
shared/schema.ts(1757,3): error TS2322: Type 'boolean' is not assignable to type 'never'.
shared/schema.ts(1758,3): error TS2322: Type 'boolean' is not assignable to type 'never'.
shared/schema.ts(1759,3): error TS2322: Type 'boolean' is not assignable to type 'never'.
shared/schema.ts(1779,3): error TS2322: Type 'boolean' is not assignable to type 'never'.
shared/schema.ts(1780,3): error TS2322: Type 'boolean' is not assignable to type 'never'.
shared/schema.ts(1781,3): error TS2322: Type 'boolean' is not assignable to type 'never'.
shared/schema.ts(1782,3): error TS2322: Type 'boolean' is not assignable to type 'never'.
shared/schema.ts(1783,3): error TS2322: Type 'boolean' is not assignable to type 'never'.
shared/schema.ts(1784,3): error TS2322: Type 'boolean' is not assignable to type 'never'.
shared/schema.ts(1785,3): error TS2322: Type 'boolean' is not assignable to type 'never'.
shared/schema.ts(1824,3): error TS2322: Type 'boolean' is not assignable to type 'never'.
shared/schema.ts(1825,3): error TS2322: Type 'boolean' is not assignable to type 'never'.
shared/schema.ts(1826,3): error TS2322: Type 'boolean' is not assignable to type 'never'.
shared/schema.ts(1827,3): error TS2322: Type 'boolean' is not assignable to type 'never'.
shared/schema.ts(1828,3): error TS2322: Type 'boolean' is not assignable to type 'never'.
shared/schema.ts(1829,3): error TS2322: Type 'boolean' is not assignable to type 'never'.
shared/schema.ts(1830,3): error TS2322: Type 'boolean' is not assignable to type 'never'.
shared/schema.ts(1878,3): error TS2322: Type 'boolean' is not assignable to type 'never'.
shared/schema.ts(1879,3): error TS2322: Type 'boolean' is not assignable to type 'never'.
shared/schema.ts(1880,3): error TS2322: Type 'boolean' is not assignable to type 'never'.
shared/schema.ts(1881,3): error TS2322: Type 'boolean' is not assignable to type 'never'.
shared/schema.ts(2010,3): error TS2322: Type 'boolean' is not assignable to type 'never'.
shared/schema.ts(2011,3): error TS2322: Type 'boolean' is not assignable to type 'never'.
shared/schema.ts(2012,3): error TS2322: Type 'boolean' is not assignable to type 'never'.
shared/schema.ts(2013,3): error TS2322: Type 'boolean' is not assignable to type 'never'.
shared/schema.ts(2014,3): error TS2322: Type 'boolean' is not assignable to type 'never'.
shared/schema.ts(2015,3): error TS2322: Type 'boolean' is not assignable to type 'never'.
shared/schema.ts(2016,3): error TS2322: Type 'boolean' is not assignable to type 'never'.
shared/schema.ts(2017,3): error TS2322: Type 'boolean' is not assignable to type 'never'.
shared/schema.ts(2018,3): error TS2322: Type 'boolean' is not assignable to type 'never'.
shared/schema.ts(2019,3): error TS2322: Type 'boolean' is not assignable to type 'never'.
shared/schema.ts(2020,3): error TS2322: Type 'boolean' is not assignable to type 'never'.
shared/schema.ts(2021,3): error TS2322: Type 'boolean' is not assignable to type 'never'.
shared/schema.ts(2022,3): error TS2322: Type 'boolean' is not assignable to type 'never'.
shared/schema.ts(2023,3): error TS2322: Type 'boolean' is not assignable to type 'never'.
shared/schema.ts(2024,3): error TS2322: Type 'boolean' is not assignable to type 'never'.
shared/schema.ts(2025,3): error TS2322: Type 'boolean' is not assignable to type 'never'.
shared/schema.ts(2026,3): error TS2322: Type 'boolean' is not assignable to type 'never'.
shared/schema.ts(2027,3): error TS2322: Type 'boolean' is not assignable to type 'never'.
shared/schema.ts(2028,3): error TS2322: Type 'boolean' is not assignable to type 'never'.
shared/schema.ts(2029,3): error TS2322: Type 'boolean' is not assignable to type 'never'.
shared/schema.ts(2030,3): error TS2322: Type 'boolean' is not assignable to type 'never'.
shared/schema.ts(2031,3): error TS2322: Type 'boolean' is not assignable to type 'never'.
shared/schema.ts(2032,3): error TS2322: Type 'boolean' is not assignable to type 'never'.
shared/schema.ts(2033,3): error TS2322: Type 'boolean' is not assignable to type 'never'.
shared/schema.ts(2034,3): error TS2322: Type 'boolean' is not assignable to type 'never'.
shared/schema.ts(2035,3): error TS2322: Type 'boolean' is not assignable to type 'never'.
shared/schema.ts(2036,3): error TS2322: Type 'boolean' is not assignable to type 'never'.
shared/schema.ts(2037,3): error TS2322: Type 'boolean' is not assignable to type 'never'.
shared/schema.ts(2038,3): error TS2322: Type 'boolean' is not assignable to type 'never'.
shared/schema.ts(2039,3): error TS2322: Type 'boolean' is not assignable to type 'never'.
shared/schema.ts(2040,3): error TS2322: Type 'boolean' is not assignable to type 'never'.
shared/schema.ts(2041,3): error TS2322: Type 'boolean' is not assignable to type 'never'.
shared/schema.ts(2042,3): error TS2322: Type 'boolean' is not assignable to type 'never'.
shared/schema.ts(2043,3): error TS2322: Type 'boolean' is not assignable to type 'never'.
shared/schema.ts(2044,3): error TS2322: Type 'boolean' is not assignable to type 'never'.
shared/schema.ts(2045,3): error TS2322: Type 'boolean' is not assignable to type 'never'.
shared/schema.ts(2046,3): error TS2322: Type 'boolean' is not assignable to type 'never'.
shared/schema.ts(2047,3): error TS2322: Type 'boolean' is not assignable to type 'never'.
shared/schema.ts(2048,3): error TS2322: Type 'boolean' is not assignable to type 'never'.
shared/schema.ts(2060,3): error TS2322: Type 'boolean' is not assignable to type 'never'.
shared/schema.ts(2061,3): error TS2322: Type 'boolean' is not assignable to type 'never'.
shared/schema.ts(2076,3): error TS2322: Type 'boolean' is not assignable to type 'never'.
shared/schema.ts(2077,3): error TS2322: Type 'boolean' is not assignable to type 'never'.
shared/schema.ts(2078,3): error TS2322: Type 'boolean' is not assignable to type 'never'.
shared/schema.ts(2082,3): error TS2322: Type 'boolean' is not assignable to type 'never'.
shared/schema.ts(2083,3): error TS2322: Type 'boolean' is not assignable to type 'never'.
shared/schema.ts(2084,3): error TS2322: Type 'boolean' is not assignable to type 'never'.
shared/schema.ts(2085,3): error TS2322: Type 'boolean' is not assignable to type 'never'.
shared/schema.ts(2086,3): error TS2322: Type 'boolean' is not assignable to type 'never'.
shared/schema.ts(2087,3): error TS2322: Type 'boolean' is not assignable to type 'never'.
shared/schema.ts(2088,3): error TS2322: Type 'boolean' is not assignable to type 'never'.
shared/schema.ts(2089,3): error TS2322: Type 'boolean' is not assignable to type 'never'.
shared/schema.ts(2090,3): error TS2322: Type 'boolean' is not assignable to type 'never'.
shared/schema.ts(2091,3): error TS2322: Type 'boolean' is not assignable to type 'never'.
shared/schema.ts(2092,3): error TS2322: Type 'boolean' is not assignable to type 'never'.
shared/schema.ts(2112,3): error TS2322: Type 'boolean' is not assignable to type 'never'.
shared/schema.ts(2113,3): error TS2322: Type 'boolean' is not assignable to type 'never'.
shared/schema.ts(2114,3): error TS2322: Type 'boolean' is not assignable to type 'never'.
shared/schema.ts(2115,3): error TS2322: Type 'boolean' is not assignable to type 'never'.
shared/schema.ts(2116,3): error TS2322: Type 'boolean' is not assignable to type 'never'.
shared/schema.ts(2117,3): error TS2322: Type 'boolean' is not assignable to type 'never'.
shared/schema.ts(2118,3): error TS2322: Type 'boolean' is not assignable to type 'never'.
shared/schema.ts(2130,3): error TS2322: Type 'boolean' is not assignable to type 'never'.
shared/schema.ts(2131,3): error TS2322: Type 'boolean' is not assignable to type 'never'.
shared/schema.ts(2144,3): error TS2322: Type 'boolean' is not assignable to type 'never'.
shared/schema.ts(2145,3): error TS2322: Type 'boolean' is not assignable to type 'never'.
shared/schema.ts(2146,3): error TS2322: Type 'boolean' is not assignable to type 'never'.
shared/schema.ts(2159,3): error TS2322: Type 'boolean' is not assignable to type 'never'.
shared/schema.ts(2160,3): error TS2322: Type 'boolean' is not assignable to type 'never'.
shared/schema.ts(2161,3): error TS2322: Type 'boolean' is not assignable to type 'never'.
shared/schema.ts(2192,3): error TS2322: Type 'boolean' is not assignable to type 'never'.
shared/schema.ts(2193,3): error TS2322: Type 'boolean' is not assignable to type 'never'.
shared/schema.ts(2194,3): error TS2322: Type 'boolean' is not assignable to type 'never'.
shared/schema.ts(2195,3): error TS2322: Type 'boolean' is not assignable to type 'never'.
shared/schema.ts(2196,3): error TS2322: Type 'boolean' is not assignable to type 'never'.
shared/schema.ts(2197,3): error TS2322: Type 'boolean' is not assignable to type 'never'.
shared/schema.ts(2198,3): error TS2322: Type 'boolean' is not assignable to type 'never'.
shared/schema.ts(2199,3): error TS2322: Type 'boolean' is not assignable to type 'never'.
shared/schema.ts(2200,3): error TS2322: Type 'boolean' is not assignable to type 'never'.
shared/schema.ts(2201,3): error TS2322: Type 'boolean' is not assignable to type 'never'.
shared/schema.ts(2202,3): error TS2322: Type 'boolean' is not assignable to type 'never'.
shared/schema.ts(2203,3): error TS2322: Type 'boolean' is not assignable to type 'never'.
shared/schema.ts(2204,3): error TS2322: Type 'boolean' is not assignable to type 'never'.
shared/schema.ts(2205,3): error TS2322: Type 'boolean' is not assignable to type 'never'.
shared/schema.ts(2206,3): error TS2322: Type 'boolean' is not assignable to type 'never'.
shared/schema.ts(2207,3): error TS2322: Type 'boolean' is not assignable to type 'never'.
shared/schema.ts(2208,3): error TS2322: Type 'boolean' is not assignable to type 'never'.
shared/schema.ts(2209,3): error TS2322: Type 'boolean' is not assignable to type 'never'.
shared/schema.ts(2210,3): error TS2322: Type 'boolean' is not assignable to type 'never'.
shared/schema.ts(2211,3): error TS2322: Type 'boolean' is not assignable to type 'never'.
shared/schema.ts(2505,3): error TS2322: Type 'boolean' is not assignable to type 'never'.
shared/schema.ts(2506,3): error TS2322: Type 'boolean' is not assignable to type 'never'.
shared/schema.ts(2507,3): error TS2322: Type 'boolean' is not assignable to type 'never'.
shared/schema.ts(2508,3): error TS2322: Type 'boolean' is not assignable to type 'never'.
shared/schema.ts(2509,3): error TS2322: Type 'boolean' is not assignable to type 'never'.
shared/schema.ts(2510,3): error TS2322: Type 'boolean' is not assignable to type 'never'.
shared/schema.ts(2511,3): error TS2322: Type 'boolean' is not assignable to type 'never'.
shared/schema.ts(2512,3): error TS2322: Type 'boolean' is not assignable to type 'never'.
shared/schema.ts(2513,3): error TS2322: Type 'boolean' is not assignable to type 'never'.
shared/schema.ts(2514,3): error TS2322: Type 'boolean' is not assignable to type 'never'.
shared/schema.ts(2515,3): error TS2322: Type 'boolean' is not assignable to type 'never'.
shared/schema.ts(2516,3): error TS2322: Type 'boolean' is not assignable to type 'never'.
shared/schema.ts(2517,3): error TS2322: Type 'boolean' is not assignable to type 'never'.
shared/schema.ts(2518,3): error TS2322: Type 'boolean' is not assignable to type 'never'.
shared/schema.ts(2519,3): error TS2322: Type 'boolean' is not assignable to type 'never'.
shared/schema.ts(2520,3): error TS2322: Type 'boolean' is not assignable to type 'never'.
shared/schema.ts(2521,3): error TS2322: Type 'boolean' is not assignable to type 'never'.
shared/schema.ts(2522,3): error TS2322: Type 'boolean' is not assignable to type 'never'.
shared/schema.ts(2526,3): error TS2322: Type 'boolean' is not assignable to type 'never'.
shared/schema.ts(2527,3): error TS2322: Type 'boolean' is not assignable to type 'never'.
shared/schema.ts(2528,3): error TS2322: Type 'boolean' is not assignable to type 'never'.
shared/schema.ts(2529,3): error TS2322: Type 'boolean' is not assignable to type 'never'.
shared/schema.ts(2530,3): error TS2322: Type 'boolean' is not assignable to type 'never'.
shared/schema.ts(2531,3): error TS2322: Type 'boolean' is not assignable to type 'never'.
shared/schema.ts(2532,3): error TS2322: Type 'boolean' is not assignable to type 'never'.
shared/schema.ts(2533,3): error TS2322: Type 'boolean' is not assignable to type 'never'.
shared/schema.ts(2534,3): error TS2322: Type 'boolean' is not assignable to type 'never'.
shared/schema.ts(2535,3): error TS2322: Type 'boolean' is not assignable to type 'never'.
shared/schema.ts(2536,3): error TS2322: Type 'boolean' is not assignable to type 'never'.
shared/schema.ts(2537,3): error TS2322: Type 'boolean' is not assignable to type 'never'.
shared/schema.ts(2538,3): error TS2322: Type 'boolean' is not assignable to type 'never'.
shared/schema.ts(2539,3): error TS2322: Type 'boolean' is not assignable to type 'never'.
shared/schema.ts(2540,3): error TS2322: Type 'boolean' is not assignable to type 'never'.
shared/schema.ts(2541,3): error TS2322: Type 'boolean' is not assignable to type 'never'.
shared/schema.ts(2542,3): error TS2322: Type 'boolean' is not assignable to type 'never'.
shared/schema.ts(2543,3): error TS2322: Type 'boolean' is not assignable to type 'never'.
shared/schema.ts(2544,3): error TS2322: Type 'boolean' is not assignable to type 'never'.
shared/schema.ts(2545,3): error TS2322: Type 'boolean' is not assignable to type 'never'.
shared/schema.ts(2549,3): error TS2322: Type 'boolean' is not assignable to type 'never'.
shared/schema.ts(2550,3): error TS2322: Type 'boolean' is not assignable to type 'never'.
shared/schema.ts(2551,3): error TS2322: Type 'boolean' is not assignable to type 'never'.
shared/schema.ts(2552,3): error TS2322: Type 'boolean' is not assignable to type 'never'.
shared/schema.ts(2553,3): error TS2322: Type 'boolean' is not assignable to type 'never'.
shared/schema.ts(2554,3): error TS2322: Type 'boolean' is not assignable to type 'never'.
shared/schema.ts(2555,3): error TS2322: Type 'boolean' is not assignable to type 'never'.
shared/schema.ts(2556,3): error TS2322: Type 'boolean' is not assignable to type 'never'.
shared/schema.ts(2557,3): error TS2322: Type 'boolean' is not assignable to type 'never'.
shared/schema.ts(2558,3): error TS2322: Type 'boolean' is not assignable to type 'never'.
shared/schema.ts(2559,3): error TS2322: Type 'boolean' is not assignable to type 'never'.
shared/schema.ts(2560,3): error TS2322: Type 'boolean' is not assignable to type 'never'.
shared/schema.ts(2561,3): error TS2322: Type 'boolean' is not assignable to type 'never'.
shared/schema.ts(2562,3): error TS2322: Type 'boolean' is not assignable to type 'never'.
shared/schema.ts(2566,3): error TS2322: Type 'boolean' is not assignable to type 'never'.
shared/schema.ts(2567,3): error TS2322: Type 'boolean' is not assignable to type 'never'.
shared/schema.ts(2568,3): error TS2322: Type 'boolean' is not assignable to type 'never'.
shared/schema.ts(2569,3): error TS2322: Type 'boolean' is not assignable to type 'never'.
shared/schema.ts(2570,3): error TS2322: Type 'boolean' is not assignable to type 'never'.
shared/schema.ts(2571,3): error TS2322: Type 'boolean' is not assignable to type 'never'.
shared/schema.ts(2572,3): error TS2322: Type 'boolean' is not assignable to type 'never'.
shared/schema.ts(2573,3): error TS2322: Type 'boolean' is not assignable to type 'never'.
shared/schema.ts(2574,3): error TS2322: Type 'boolean' is not assignable to type 'never'.
shared/schema.ts(2575,3): error TS2322: Type 'boolean' is not assignable to type 'never'.
shared/schema.ts(2576,3): error TS2322: Type 'boolean' is not assignable to type 'never'.
shared/schema.ts(2577,3): error TS2322: Type 'boolean' is not assignable to type 'never'.
shared/schema.ts(2578,3): error TS2322: Type 'boolean' is not assignable to type 'never'.
shared/schema.ts(2579,3): error TS2322: Type 'boolean' is not assignable to type 'never'.
shared/schema.ts(2580,3): error TS2322: Type 'boolean' is not assignable to type 'never'.
shared/schema.ts(2581,3): error TS2322: Type 'boolean' is not assignable to type 'never'.
shared/schema.ts(2582,3): error TS2322: Type 'boolean' is not assignable to type 'never'.
shared/schema.ts(2583,3): error TS2322: Type 'boolean' is not assignable to type 'never'.
shared/schema.ts(2584,3): error TS2322: Type 'boolean' is not assignable to type 'never'.
shared/schema.ts(2585,3): error TS2322: Type 'boolean' is not assignable to type 'never'.
shared/schema.ts(2586,3): error TS2322: Type 'boolean' is not assignable to type 'never'.
shared/schema.ts(2587,3): error TS2322: Type 'boolean' is not assignable to type 'never'.
shared/schema.ts(2588,3): error TS2322: Type 'boolean' is not assignable to type 'never'.
shared/schema.ts(2592,3): error TS2322: Type 'boolean' is not assignable to type 'never'.
shared/schema.ts(2593,3): error TS2322: Type 'boolean' is not assignable to type 'never'.
shared/schema.ts(2594,3): error TS2322: Type 'boolean' is not assignable to type 'never'.
shared/schema.ts(2595,3): error TS2322: Type 'boolean' is not assignable to type 'never'.
shared/schema.ts(2596,3): error TS2322: Type 'boolean' is not assignable to type 'never'.
shared/schema.ts(2597,3): error TS2322: Type 'boolean' is not assignable to type 'never'.
shared/schema.ts(2598,3): error TS2322: Type 'boolean' is not assignable to type 'never'.
shared/schema.ts(2599,3): error TS2322: Type 'boolean' is not assignable to type 'never'.
shared/schema.ts(2600,3): error TS2322: Type 'boolean' is not assignable to type 'never'.
shared/schema.ts(2601,3): error TS2322: Type 'boolean' is not assignable to type 'never'.
shared/schema.ts(2602,3): error TS2322: Type 'boolean' is not assignable to type 'never'.
shared/schema.ts(2603,3): error TS2322: Type 'boolean' is not assignable to type 'never'.
shared/schema.ts(2604,3): error TS2322: Type 'boolean' is not assignable to type 'never'.
shared/schema.ts(2605,3): error TS2322: Type 'boolean' is not assignable to type 'never'.
shared/schema.ts(2606,3): error TS2322: Type 'boolean' is not assignable to type 'never'.
shared/schema.ts(2607,3): error TS2322: Type 'boolean' is not assignable to type 'never'.
shared/schema.ts(2611,3): error TS2322: Type 'boolean' is not assignable to type 'never'.
shared/schema.ts(2612,3): error TS2322: Type 'boolean' is not assignable to type 'never'.
shared/schema.ts(2613,3): error TS2322: Type 'boolean' is not assignable to type 'never'.
shared/schema.ts(2614,3): error TS2322: Type 'boolean' is not assignable to type 'never'.
shared/schema.ts(2615,3): error TS2322: Type 'boolean' is not assignable to type 'never'.
shared/schema.ts(2616,3): error TS2322: Type 'boolean' is not assignable to type 'never'.
shared/schema.ts(2617,3): error TS2322: Type 'boolean' is not assignable to type 'never'.
shared/schema.ts(2618,3): error TS2322: Type 'boolean' is not assignable to type 'never'.
shared/schema.ts(2619,3): error TS2322: Type 'boolean' is not assignable to type 'never'.
shared/schema.ts(2620,3): error TS2322: Type 'boolean' is not assignable to type 'never'.
shared/schema.ts(2621,3): error TS2322: Type 'boolean' is not assignable to type 'never'.
shared/schema.ts(2622,3): error TS2322: Type 'boolean' is not assignable to type 'never'.
shared/schema.ts(2623,3): error TS2322: Type 'boolean' is not assignable to type 'never'.
shared/schema.ts(2624,3): error TS2322: Type 'boolean' is not assignable to type 'never'.
shared/schema.ts(2628,3): error TS2322: Type 'boolean' is not assignable to type 'never'.
shared/schema.ts(2629,3): error TS2322: Type 'boolean' is not assignable to type 'never'.
shared/schema.ts(2630,3): error TS2322: Type 'boolean' is not assignable to type 'never'.
shared/schema.ts(2631,3): error TS2322: Type 'boolean' is not assignable to type 'never'.
shared/schema.ts(2632,3): error TS2322: Type 'boolean' is not assignable to type 'never'.
shared/schema.ts(2633,3): error TS2322: Type 'boolean' is not assignable to type 'never'.
shared/schema.ts(2634,3): error TS2322: Type 'boolean' is not assignable to type 'never'.
shared/schema.ts(2635,3): error TS2322: Type 'boolean' is not assignable to type 'never'.
shared/schema.ts(2636,3): error TS2322: Type 'boolean' is not assignable to type 'never'.
shared/schema.ts(2637,3): error TS2322: Type 'boolean' is not assignable to type 'never'.
shared/schema.ts(2638,3): error TS2322: Type 'boolean' is not assignable to type 'never'.
shared/schema.ts(2639,3): error TS2322: Type 'boolean' is not assignable to type 'never'.
shared/schema.ts(2640,3): error TS2322: Type 'boolean' is not assignable to type 'never'.
shared/schema.ts(2641,3): error TS2322: Type 'boolean' is not assignable to type 'never'.
shared/schema.ts(2642,3): error TS2322: Type 'boolean' is not assignable to type 'never'.
shared/schema.ts(2643,3): error TS2322: Type 'boolean' is not assignable to type 'never'.
shared/schema.ts(2644,3): error TS2322: Type 'boolean' is not assignable to type 'never'.
shared/schema.ts(2645,3): error TS2322: Type 'boolean' is not assignable to type 'never'.
shared/schema.ts(2646,3): error TS2322: Type 'boolean' is not assignable to type 'never'.
shared/schema.ts(2647,3): error TS2322: Type 'boolean' is not assignable to type 'never'.
shared/schema.ts(2648,3): error TS2322: Type 'boolean' is not assignable to type 'never'.
shared/schema.ts(2649,3): error TS2322: Type 'boolean' is not assignable to type 'never'.
shared/schema.ts(2653,3): error TS2322: Type 'boolean' is not assignable to type 'never'.
shared/schema.ts(2654,3): error TS2322: Type 'boolean' is not assignable to type 'never'.
shared/schema.ts(2655,3): error TS2322: Type 'boolean' is not assignable to type 'never'.
shared/schema.ts(2656,3): error TS2322: Type 'boolean' is not assignable to type 'never'.
shared/schema.ts(2657,3): error TS2322: Type 'boolean' is not assignable to type 'never'.
shared/schema.ts(2658,3): error TS2322: Type 'boolean' is not assignable to type 'never'.
shared/schema.ts(2701,3): error TS2322: Type 'boolean' is not assignable to type 'never'.
shared/schema.ts(2702,3): error TS2322: Type 'boolean' is not assignable to type 'never'.
shared/schema.ts(2703,3): error TS2322: Type 'boolean' is not assignable to type 'never'.
shared/schema.ts(2704,3): error TS2322: Type 'boolean' is not assignable to type 'never'.
shared/schema.ts(2705,3): error TS2322: Type 'boolean' is not assignable to type 'never'.
shared/schema.ts(2706,3): error TS2322: Type 'boolean' is not assignable to type 'never'.
shared/schema.ts(2707,3): error TS2322: Type 'boolean' is not assignable to type 'never'.
shared/schema.ts(2708,3): error TS2322: Type 'boolean' is not assignable to type 'never'.
shared/schema.ts(2709,3): error TS2322: Type 'boolean' is not assignable to type 'never'.
shared/schema.ts(2710,3): error TS2322: Type 'boolean' is not assignable to type 'never'.
shared/schema.ts(2711,3): error TS2322: Type 'boolean' is not assignable to type 'never'.
shared/schema.ts(2712,3): error TS2322: Type 'boolean' is not assignable to type 'never'.
shared/schema.ts(2713,3): error TS2322: Type 'boolean' is not assignable to type 'never'.
shared/schema.ts(2714,3): error TS2322: Type 'boolean' is not assignable to type 'never'.
shared/schema.ts(2715,3): error TS2322: Type 'boolean' is not assignable to type 'never'.
shared/schema.ts(2743,3): error TS2322: Type 'boolean' is not assignable to type 'never'.
shared/schema.ts(2744,3): error TS2322: Type 'boolean' is not assignable to type 'never'.
shared/schema.ts(2745,3): error TS2322: Type 'boolean' is not assignable to type 'never'.
shared/schema.ts(2746,3): error TS2322: Type 'boolean' is not assignable to type 'never'.
shared/schema.ts(2747,3): error TS2322: Type 'boolean' is not assignable to type 'never'.
shared/schema.ts(2748,3): error TS2322: Type 'boolean' is not assignable to type 'never'.
shared/schema.ts(2749,3): error TS2322: Type 'boolean' is not assignable to type 'never'.
shared/schema.ts(2750,3): error TS2322: Type 'boolean' is not assignable to type 'never'.
shared/schema.ts(2751,3): error TS2322: Type 'boolean' is not assignable to type 'never'.
shared/schema.ts(2778,3): error TS2322: Type 'boolean' is not assignable to type 'never'.
shared/schema.ts(2779,3): error TS2322: Type 'boolean' is not assignable to type 'never'.
shared/schema.ts(2780,3): error TS2322: Type 'boolean' is not assignable to type 'never'.
shared/schema.ts(2781,3): error TS2322: Type 'boolean' is not assignable to type 'never'.
shared/schema.ts(2782,3): error TS2322: Type 'boolean' is not assignable to type 'never'.
shared/schema.ts(2783,3): error TS2322: Type 'boolean' is not assignable to type 'never'.
shared/schema.ts(2784,3): error TS2322: Type 'boolean' is not assignable to type 'never'.
shared/schema.ts(2813,3): error TS2322: Type 'boolean' is not assignable to type 'never'.
shared/schema.ts(2814,3): error TS2322: Type 'boolean' is not assignable to type 'never'.
shared/schema.ts(2815,3): error TS2322: Type 'boolean' is not assignable to type 'never'.
shared/schema.ts(2816,3): error TS2322: Type 'boolean' is not assignable to type 'never'.
shared/schema.ts(2817,3): error TS2322: Type 'boolean' is not assignable to type 'never'.
shared/schema.ts(2818,3): error TS2322: Type 'boolean' is not assignable to type 'never'.
shared/schema.ts(2819,3): error TS2322: Type 'boolean' is not assignable to type 'never'.
shared/schema.ts(2820,3): error TS2322: Type 'boolean' is not assignable to type 'never'.
shared/schema.ts(2821,3): error TS2322: Type 'boolean' is not assignable to type 'never'.
shared/schema.ts(2822,3): error TS2322: Type 'boolean' is not assignable to type 'never'.
shared/schema.ts(2850,3): error TS2322: Type 'boolean' is not assignable to type 'never'.
shared/schema.ts(2851,3): error TS2322: Type 'boolean' is not assignable to type 'never'.
shared/schema.ts(2852,3): error TS2322: Type 'boolean' is not assignable to type 'never'.
shared/schema.ts(2853,3): error TS2322: Type 'boolean' is not assignable to type 'never'.
shared/schema.ts(2854,3): error TS2322: Type 'boolean' is not assignable to type 'never'.
shared/schema.ts(2855,3): error TS2322: Type 'boolean' is not assignable to type 'never'.
shared/schema.ts(2856,3): error TS2322: Type 'boolean' is not assignable to type 'never'.
shared/schema.ts(2857,3): error TS2322: Type 'boolean' is not assignable to type 'never'.
shared/schema.ts(2858,3): error TS2322: Type 'boolean' is not assignable to type 'never'.
shared/schema.ts(2859,3): error TS2322: Type 'boolean' is not assignable to type 'never'.
shared/schema.ts(2860,3): error TS2322: Type 'boolean' is not assignable to type 'never'.
shared/schema.ts(2861,3): error TS2322: Type 'boolean' is not assignable to type 'never'.
shared/schema.ts(2862,3): error TS2322: Type 'boolean' is not assignable to type 'never'.
shared/schema.ts(2879,3): error TS2322: Type 'boolean' is not assignable to type 'never'.
shared/schema.ts(2880,3): error TS2322: Type 'boolean' is not assignable to type 'never'.
shared/schema.ts(2881,3): error TS2322: Type 'boolean' is not assignable to type 'never'.
shared/schema.ts(2882,3): error TS2322: Type 'boolean' is not assignable to type 'never'.
shared/schema.ts(2883,3): error TS2322: Type 'boolean' is not assignable to type 'never'.
shared/schema.ts(2911,3): error TS2322: Type 'boolean' is not assignable to type 'never'.
shared/schema.ts(2912,3): error TS2322: Type 'boolean' is not assignable to type 'never'.
shared/schema.ts(2913,3): error TS2322: Type 'boolean' is not assignable to type 'never'.
shared/schema.ts(2914,3): error TS2322: Type 'boolean' is not assignable to type 'never'.
shared/schema.ts(2915,3): error TS2322: Type 'boolean' is not assignable to type 'never'.
shared/schema.ts(2916,3): error TS2322: Type 'boolean' is not assignable to type 'never'.
shared/schema.ts(2917,3): error TS2322: Type 'boolean' is not assignable to type 'never'.
shared/schema.ts(2918,3): error TS2322: Type 'boolean' is not assignable to type 'never'.
shared/schema.ts(2919,3): error TS2322: Type 'boolean' is not assignable to type 'never'.
shared/schema.ts(2920,3): error TS2322: Type 'boolean' is not assignable to type 'never'.
shared/schema.ts(2921,3): error TS2322: Type 'boolean' is not assignable to type 'never'.
shared/schema.ts(2922,3): error TS2322: Type 'boolean' is not assignable to type 'never'.
shared/schema.ts(2923,3): error TS2322: Type 'boolean' is not assignable to type 'never'.
shared/schema.ts(2924,3): error TS2322: Type 'boolean' is not assignable to type 'never'.
shared/schema.ts(2958,3): error TS2322: Type 'boolean' is not assignable to type 'never'.
shared/schema.ts(2959,3): error TS2322: Type 'boolean' is not assignable to type 'never'.
shared/schema.ts(2960,3): error TS2322: Type 'boolean' is not assignable to type 'never'.
shared/schema.ts(2961,3): error TS2322: Type 'boolean' is not assignable to type 'never'.
shared/schema.ts(2962,3): error TS2322: Type 'boolean' is not assignable to type 'never'.
shared/schema.ts(2963,3): error TS2322: Type 'boolean' is not assignable to type 'never'.
shared/schema.ts(2964,3): error TS2322: Type 'boolean' is not assignable to type 'never'.
shared/schema.ts(2965,3): error TS2322: Type 'boolean' is not assignable to type 'never'.
shared/schema.ts(2966,3): error TS2322: Type 'boolean' is not assignable to type 'never'.
shared/schema.ts(2967,3): error TS2322: Type 'boolean' is not assignable to type 'never'.
shared/schema.ts(2971,3): error TS2322: Type 'boolean' is not assignable to type 'never'.
shared/schema.ts(2972,3): error TS2322: Type 'boolean' is not assignable to type 'never'.
shared/schema.ts(2973,3): error TS2322: Type 'boolean' is not assignable to type 'never'.
shared/schema.ts(2974,3): error TS2322: Type 'boolean' is not assignable to type 'never'.
shared/schema.ts(2975,3): error TS2322: Type 'boolean' is not assignable to type 'never'.
shared/schema.ts(2976,3): error TS2322: Type 'boolean' is not assignable to type 'never'.
shared/schema.ts(2977,3): error TS2322: Type 'boolean' is not assignable to type 'never'.
shared/schema.ts(2978,3): error TS2322: Type 'boolean' is not assignable to type 'never'.
shared/schema.ts(2979,3): error TS2322: Type 'boolean' is not assignable to type 'never'.
shared/schema.ts(2980,3): error TS2322: Type 'boolean' is not assignable to type 'never'.
shared/schema.ts(2981,3): error TS2322: Type 'boolean' is not assignable to type 'never'.
shared/schema.ts(2982,3): error TS2322: Type 'boolean' is not assignable to type 'never'.
shared/schema.ts(2983,3): error TS2322: Type 'boolean' is not assignable to type 'never'.
shared/schema.ts(2984,3): error TS2322: Type 'boolean' is not assignable to type 'never'.
shared/schema.ts(2985,3): error TS2322: Type 'boolean' is not assignable to type 'never'.
shared/schema.ts(2986,3): error TS2322: Type 'boolean' is not assignable to type 'never'.
shared/schema.ts(2987,3): error TS2322: Type 'boolean' is not assignable to type 'never'.
shared/schema.ts(2988,3): error TS2322: Type 'boolean' is not assignable to type 'never'.
shared/schema.ts(2992,3): error TS2322: Type 'boolean' is not assignable to type 'never'.
shared/schema.ts(2993,3): error TS2322: Type 'boolean' is not assignable to type 'never'.
shared/schema.ts(2994,3): error TS2322: Type 'boolean' is not assignable to type 'never'.
shared/schema.ts(2995,3): error TS2322: Type 'boolean' is not assignable to type 'never'.
shared/schema.ts(2996,3): error TS2322: Type 'boolean' is not assignable to type 'never'.
shared/schema.ts(2997,3): error TS2322: Type 'boolean' is not assignable to type 'never'.
shared/schema.ts(2998,3): error TS2322: Type 'boolean' is not assignable to type 'never'.
shared/schema.ts(2999,3): error TS2322: Type 'boolean' is not assignable to type 'never'.
shared/schema.ts(3000,3): error TS2322: Type 'boolean' is not assignable to type 'never'.
shared/schema.ts(3001,3): error TS2322: Type 'boolean' is not assignable to type 'never'.
shared/schema.ts(3002,3): error TS2322: Type 'boolean' is not assignable to type 'never'.
shared/schema.ts(3003,3): error TS2322: Type 'boolean' is not assignable to type 'never'.
shared/schema.ts(3427,3): error TS2322: Type 'boolean' is not assignable to type 'never'.
shared/schema.ts(3428,3): error TS2322: Type 'boolean' is not assignable to type 'never'.
shared/schema.ts(3429,3): error TS2322: Type 'boolean' is not assignable to type 'never'.
shared/schema.ts(3430,3): error TS2322: Type 'boolean' is not assignable to type 'never'.
shared/schema.ts(3431,3): error TS2322: Type 'boolean' is not assignable to type 'never'.
shared/schema.ts(3432,3): error TS2322: Type 'boolean' is not assignable to type 'never'.
shared/schema.ts(3433,3): error TS2322: Type 'boolean' is not assignable to type 'never'.
shared/schema.ts(3434,3): error TS2322: Type 'boolean' is not assignable to type 'never'.
shared/schema.ts(3435,3): error TS2322: Type 'boolean' is not assignable to type 'never'.
shared/schema.ts(3436,3): error TS2322: Type 'boolean' is not assignable to type 'never'.
shared/schema.ts(3440,3): error TS2322: Type 'boolean' is not assignable to type 'never'.
shared/schema.ts(3441,3): error TS2322: Type 'boolean' is not assignable to type 'never'.
shared/schema.ts(3442,3): error TS2322: Type 'boolean' is not assignable to type 'never'.
shared/schema.ts(3443,3): error TS2322: Type 'boolean' is not assignable to type 'never'.
shared/schema.ts(3444,3): error TS2322: Type 'boolean' is not assignable to type 'never'.
shared/schema.ts(3448,3): error TS2322: Type 'boolean' is not assignable to type 'never'.
shared/schema.ts(3449,3): error TS2322: Type 'boolean' is not assignable to type 'never'.
shared/schema.ts(3450,3): error TS2322: Type 'boolean' is not assignable to type 'never'.
shared/schema.ts(3451,3): error TS2322: Type 'boolean' is not assignable to type 'never'.
shared/schema.ts(3452,3): error TS2322: Type 'boolean' is not assignable to type 'never'.
shared/schema.ts(3453,3): error TS2322: Type 'boolean' is not assignable to type 'never'.
shared/schema.ts(3454,3): error TS2322: Type 'boolean' is not assignable to type 'never'.
shared/schema.ts(3455,3): error TS2322: Type 'boolean' is not assignable to type 'never'.
shared/schema.ts(3456,3): error TS2322: Type 'boolean' is not assignable to type 'never'.
shared/schema.ts(3457,3): error TS2322: Type 'boolean' is not assignable to type 'never'.
shared/schema.ts(3458,3): error TS2322: Type 'boolean' is not assignable to type 'never'.
shared/schema.ts(3459,3): error TS2322: Type 'boolean' is not assignable to type 'never'.
shared/schema.ts(3460,3): error TS2322: Type 'boolean' is not assignable to type 'never'.
shared/schema.ts(3461,3): error TS2322: Type 'boolean' is not assignable to type 'never'.
shared/schema.ts(3462,3): error TS2322: Type 'boolean' is not assignable to type 'never'.
shared/schema.ts(3463,3): error TS2322: Type 'boolean' is not assignable to type 'never'.
shared/schema.ts(3464,3): error TS2322: Type 'boolean' is not assignable to type 'never'.
shared/schema.ts(3465,3): error TS2322: Type 'boolean' is not assignable to type 'never'.
shared/schema.ts(3466,3): error TS2322: Type 'boolean' is not assignable to type 'never'.
shared/schema.ts(3470,3): error TS2322: Type 'boolean' is not assignable to type 'never'.
shared/schema.ts(3471,3): error TS2322: Type 'boolean' is not assignable to type 'never'.
shared/schema.ts(3472,3): error TS2322: Type 'boolean' is not assignable to type 'never'.
shared/schema.ts(3473,3): error TS2322: Type 'boolean' is not assignable to type 'never'.
shared/schema.ts(3474,3): error TS2322: Type 'boolean' is not assignable to type 'never'.
shared/schema.ts(3475,3): error TS2322: Type 'boolean' is not assignable to type 'never'.
shared/schema.ts(3479,3): error TS2322: Type 'boolean' is not assignable to type 'never'.
shared/schema.ts(3480,3): error TS2322: Type 'boolean' is not assignable to type 'never'.
shared/schema.ts(3481,3): error TS2322: Type 'boolean' is not assignable to type 'never'.
shared/schema.ts(3482,3): error TS2322: Type 'boolean' is not assignable to type 'never'.
shared/schema.ts(3483,3): error TS2322: Type 'boolean' is not assignable to type 'never'.
shared/schema.ts(3484,3): error TS2322: Type 'boolean' is not assignable to type 'never'.
shared/schema.ts(3485,3): error TS2322: Type 'boolean' is not assignable to type 'never'.
shared/schema.ts(3486,3): error TS2322: Type 'boolean' is not assignable to type 'never'.
shared/schema.ts(3555,3): error TS2322: Type 'boolean' is not assignable to type 'never'.
shared/schema.ts(3556,3): error TS2322: Type 'boolean' is not assignable to type 'never'.
shared/schema.ts(3557,3): error TS2322: Type 'boolean' is not assignable to type 'never'.
shared/schema.ts(3558,3): error TS2322: Type 'boolean' is not assignable to type 'never'.
shared/schema.ts(3559,3): error TS2322: Type 'boolean' is not assignable to type 'never'.
shared/schema.ts(3560,3): error TS2322: Type 'boolean' is not assignable to type 'never'.
shared/schema.ts(3561,3): error TS2322: Type 'boolean' is not assignable to type 'never'.
shared/schema.ts(3562,3): error TS2322: Type 'boolean' is not assignable to type 'never'.
shared/schema.ts(3563,3): error TS2322: Type 'boolean' is not assignable to type 'never'.
shared/schema.ts(3564,3): error TS2322: Type 'boolean' is not assignable to type 'never'.
shared/schema.ts(3583,3): error TS2322: Type 'boolean' is not assignable to type 'never'.
shared/schema.ts(3584,3): error TS2322: Type 'boolean' is not assignable to type 'never'.
shared/schema.ts(3585,3): error TS2322: Type 'boolean' is not assignable to type 'never'.
shared/schema.ts(3586,3): error TS2322: Type 'boolean' is not assignable to type 'never'.
shared/schema.ts(3587,3): error TS2322: Type 'boolean' is not assignable to type 'never'.
shared/schema.ts(3665,3): error TS2322: Type 'boolean' is not assignable to type 'never'.
shared/schema.ts(3666,3): error TS2322: Type 'boolean' is not assignable to type 'never'.
shared/schema.ts(3667,3): error TS2322: Type 'boolean' is not assignable to type 'never'.
shared/schema.ts(3668,3): error TS2322: Type 'boolean' is not assignable to type 'never'.
shared/schema.ts(3669,3): error TS2322: Type 'boolean' is not assignable to type 'never'.
shared/schema.ts(3670,3): error TS2322: Type 'boolean' is not assignable to type 'never'.
shared/schema.ts(3692,3): error TS2322: Type 'boolean' is not assignable to type 'never'.
shared/schema.ts(3693,3): error TS2322: Type 'boolean' is not assignable to type 'never'.
shared/schema.ts(3694,3): error TS2322: Type 'boolean' is not assignable to type 'never'.
shared/schema.ts(3695,3): error TS2322: Type 'boolean' is not assignable to type 'never'.
shared/schema.ts(3696,3): error TS2322: Type 'boolean' is not assignable to type 'never'.
shared/schema.ts(3697,3): error TS2322: Type 'boolean' is not assignable to type 'never'.
shared/schema.ts(3698,3): error TS2322: Type 'boolean' is not assignable to type 'never'.
shared/schema.ts(3699,3): error TS2322: Type 'boolean' is not assignable to type 'never'.
shared/schema.ts(3700,3): error TS2322: Type 'boolean' is not assignable to type 'never'.
shared/schema.ts(3720,3): error TS2322: Type 'boolean' is not assignable to type 'never'.
shared/schema.ts(3721,3): error TS2322: Type 'boolean' is not assignable to type 'never'.
shared/schema.ts(3722,3): error TS2322: Type 'boolean' is not assignable to type 'never'.
shared/schema.ts(3723,3): error TS2322: Type 'boolean' is not assignable to type 'never'.
shared/schema.ts(3724,3): error TS2322: Type 'boolean' is not assignable to type 'never'.
shared/schema.ts(3725,3): error TS2322: Type 'boolean' is not assignable to type 'never'.
shared/schema.ts(3726,3): error TS2322: Type 'boolean' is not assignable to type 'never'.
shared/schema.ts(3727,3): error TS2322: Type 'boolean' is not assignable to type 'never'.
shared/schema.ts(3749,3): error TS2322: Type 'boolean' is not assignable to type 'never'.
shared/schema.ts(3750,3): error TS2322: Type 'boolean' is not assignable to type 'never'.
shared/schema.ts(3751,3): error TS2322: Type 'boolean' is not assignable to type 'never'.
shared/schema.ts(3752,3): error TS2322: Type 'boolean' is not assignable to type 'never'.
shared/schema.ts(3753,3): error TS2322: Type 'boolean' is not assignable to type 'never'.
shared/schema.ts(3754,3): error TS2322: Type 'boolean' is not assignable to type 'never'.
shared/schema.ts(3755,3): error TS2322: Type 'boolean' is not assignable to type 'never'.
shared/schema.ts(3756,3): error TS2322: Type 'boolean' is not assignable to type 'never'.
shared/schema.ts(3757,3): error TS2322: Type 'boolean' is not assignable to type 'never'.
shared/schema.ts(3758,3): error TS2322: Type 'boolean' is not assignable to type 'never'.
shared/schema.ts(3779,3): error TS2322: Type 'boolean' is not assignable to type 'never'.
shared/schema.ts(3780,3): error TS2322: Type 'boolean' is not assignable to type 'never'.
shared/schema.ts(3781,3): error TS2322: Type 'boolean' is not assignable to type 'never'.
shared/schema.ts(3782,3): error TS2322: Type 'boolean' is not assignable to type 'never'.
shared/schema.ts(3783,3): error TS2322: Type 'boolean' is not assignable to type 'never'.
shared/schema.ts(3784,3): error TS2322: Type 'boolean' is not assignable to type 'never'.
shared/schema.ts(3785,3): error TS2322: Type 'boolean' is not assignable to type 'never'.
shared/schema.ts(3786,3): error TS2322: Type 'boolean' is not assignable to type 'never'.
shared/schema.ts(3787,3): error TS2322: Type 'boolean' is not assignable to type 'never'.
shared/schema.ts(3794,3): error TS2322: Type 'boolean' is not assignable to type 'never'.
shared/schema.ts(3795,3): error TS2322: Type 'boolean' is not assignable to type 'never'.
shared/schema.ts(3796,3): error TS2322: Type 'boolean' is not assignable to type 'never'.
shared/schema.ts(3797,3): error TS2322: Type 'boolean' is not assignable to type 'never'.
shared/schema.ts(3798,3): error TS2322: Type 'boolean' is not assignable to type 'never'.
shared/schema.ts(3799,3): error TS2322: Type 'boolean' is not assignable to type 'never'.
shared/schema.ts(3800,3): error TS2322: Type 'boolean' is not assignable to type 'never'.
shared/schema.ts(3801,3): error TS2322: Type 'boolean' is not assignable to type 'never'.
shared/schema.ts(3802,3): error TS2322: Type 'boolean' is not assignable to type 'never'.
shared/schema.ts(3803,3): error TS2322: Type 'boolean' is not assignable to type 'never'.
shared/schema.ts(3804,3): error TS2322: Type 'boolean' is not assignable to type 'never'.
shared/schema.ts(3805,3): error TS2322: Type 'boolean' is not assignable to type 'never'.
shared/schema.ts(3806,3): error TS2322: Type 'boolean' is not assignable to type 'never'.
shared/schema.ts(3807,3): error TS2322: Type 'boolean' is not assignable to type 'never'.
shared/schema.ts(3808,3): error TS2322: Type 'boolean' is not assignable to type 'never'.
shared/schema.ts(3809,3): error TS2322: Type 'boolean' is not assignable to type 'never'.
shared/schema.ts(3810,3): error TS2322: Type 'boolean' is not assignable to type 'never'.
shared/schema.ts(3811,3): error TS2322: Type 'boolean' is not assignable to type 'never'.
shared/schema.ts(3813,3): error TS2322: Type 'boolean' is not assignable to type 'never'.
shared/schema.ts(3814,3): error TS2322: Type 'boolean' is not assignable to type 'never'.
shared/schema.ts(3820,3): error TS2322: Type 'boolean' is not assignable to type 'never'.
shared/schema.ts(3821,3): error TS2322: Type 'boolean' is not assignable to type 'never'.
shared/schema.ts(3822,3): error TS2322: Type 'boolean' is not assignable to type 'never'.
shared/schema.ts(3823,3): error TS2322: Type 'boolean' is not assignable to type 'never'.
shared/schema.ts(3824,3): error TS2322: Type 'boolean' is not assignable to type 'never'.
shared/schema.ts(3825,3): error TS2322: Type 'boolean' is not assignable to type 'never'.
shared/schema.ts(3826,3): error TS2322: Type 'boolean' is not assignable to type 'never'.
shared/schema.ts(3827,3): error TS2322: Type 'boolean' is not assignable to type 'never'.
shared/schema.ts(3828,3): error TS2322: Type 'boolean' is not assignable to type 'never'.
shared/schema.ts(3829,3): error TS2322: Type 'boolean' is not assignable to type 'never'.
shared/schema.ts(4004,3): error TS2322: Type 'boolean' is not assignable to type 'never'.
shared/schema.ts(4005,3): error TS2322: Type 'boolean' is not assignable to type 'never'.
shared/schema.ts(4006,3): error TS2322: Type 'boolean' is not assignable to type 'never'.
shared/schema.ts(4007,3): error TS2322: Type 'boolean' is not assignable to type 'never'.
shared/schema.ts(4008,3): error TS2322: Type 'boolean' is not assignable to type 'never'.
shared/schema.ts(4009,3): error TS2322: Type 'boolean' is not assignable to type 'never'.
shared/schema.ts(4010,3): error TS2322: Type 'boolean' is not assignable to type 'never'.
shared/schema.ts(4011,3): error TS2322: Type 'boolean' is not assignable to type 'never'.
shared/schema.ts(4015,3): error TS2322: Type 'boolean' is not assignable to type 'never'.
shared/schema.ts(4016,3): error TS2322: Type 'boolean' is not assignable to type 'never'.
shared/schema.ts(4017,3): error TS2322: Type 'boolean' is not assignable to type 'never'.
shared/schema.ts(4018,3): error TS2322: Type 'boolean' is not assignable to type 'never'.
shared/schema.ts(4019,3): error TS2322: Type 'boolean' is not assignable to type 'never'.
shared/schema.ts(4020,3): error TS2322: Type 'boolean' is not assignable to type 'never'.
shared/schema.ts(4021,3): error TS2322: Type 'boolean' is not assignable to type 'never'.
shared/schema.ts(4022,3): error TS2322: Type 'boolean' is not assignable to type 'never'.
shared/schema.ts(4026,3): error TS2322: Type 'boolean' is not assignable to type 'never'.
shared/schema.ts(4027,3): error TS2322: Type 'boolean' is not assignable to type 'never'.
shared/schema.ts(4028,3): error TS2322: Type 'boolean' is not assignable to type 'never'.
shared/schema.ts(4029,3): error TS2322: Type 'boolean' is not assignable to type 'never'.
shared/schema.ts(4030,3): error TS2322: Type 'boolean' is not assignable to type 'never'.
shared/schema.ts(4031,3): error TS2322: Type 'boolean' is not assignable to type 'never'.
shared/schema.ts(4032,3): error TS2322: Type 'boolean' is not assignable to type 'never'.
shared/schema.ts(4033,3): error TS2322: Type 'boolean' is not assignable to type 'never'.
shared/schema.ts(4034,3): error TS2322: Type 'boolean' is not assignable to type 'never'.
shared/schema.ts(4035,3): error TS2322: Type 'boolean' is not assignable to type 'never'.
shared/schema.ts(4036,3): error TS2322: Type 'boolean' is not assignable to type 'never'.
shared/schema.ts(4037,3): error TS2322: Type 'boolean' is not assignable to type 'never'.
shared/schema.ts(4038,3): error TS2322: Type 'boolean' is not assignable to type 'never'.
shared/schema.ts(4039,3): error TS2322: Type 'boolean' is not assignable to type 'never'.
shared/schema.ts(4043,3): error TS2322: Type 'boolean' is not assignable to type 'never'.
shared/schema.ts(4044,3): error TS2322: Type 'boolean' is not assignable to type 'never'.
shared/schema.ts(4045,3): error TS2322: Type 'boolean' is not assignable to type 'never'.
shared/schema.ts(4046,3): error TS2322: Type 'boolean' is not assignable to type 'never'.
shared/schema.ts(4047,3): error TS2322: Type 'boolean' is not assignable to type 'never'.
shared/schema.ts(4048,3): error TS2322: Type 'boolean' is not assignable to type 'never'.
shared/schema.ts(4049,3): error TS2322: Type 'boolean' is not assignable to type 'never'.
shared/schema.ts(4065,3): error TS2322: Type 'boolean' is not assignable to type 'never'.
shared/schema.ts(4066,3): error TS2322: Type 'boolean' is not assignable to type 'never'.
shared/schema.ts(4067,3): error TS2322: Type 'boolean' is not assignable to type 'never'.
shared/schema.ts(4068,3): error TS2322: Type 'boolean' is not assignable to type 'never'.
shared/schema.ts(4069,3): error TS2322: Type 'boolean' is not assignable to type 'never'.
shared/schema.ts(4070,3): error TS2322: Type 'boolean' is not assignable to type 'never'.
shared/schema.ts(4071,3): error TS2322: Type 'boolean' is not assignable to type 'never'.
shared/schema.ts(4072,3): error TS2322: Type 'boolean' is not assignable to type 'never'.
shared/schema.ts(4073,3): error TS2322: Type 'boolean' is not assignable to type 'never'.
shared/schema.ts(4074,3): error TS2322: Type 'boolean' is not assignable to type 'never'.
shared/schema.ts(4075,3): error TS2322: Type 'boolean' is not assignable to type 'never'.
shared/schema.ts(4076,3): error TS2322: Type 'boolean' is not assignable to type 'never'.
shared/schema.ts(4077,3): error TS2322: Type 'boolean' is not assignable to type 'never'.
shared/schema.ts(4078,3): error TS2322: Type 'boolean' is not assignable to type 'never'.
shared/schema.ts(4082,3): error TS2322: Type 'boolean' is not assignable to type 'never'.
shared/schema.ts(4083,3): error TS2322: Type 'boolean' is not assignable to type 'never'.
shared/schema.ts(4084,3): error TS2322: Type 'boolean' is not assignable to type 'never'.
shared/schema.ts(4085,3): error TS2322: Type 'boolean' is not assignable to type 'never'.
shared/schema.ts(4086,3): error TS2322: Type 'boolean' is not assignable to type 'never'.
shared/schema.ts(4087,3): error TS2322: Type 'boolean' is not assignable to type 'never'.
shared/schema.ts(4091,3): error TS2322: Type 'boolean' is not assignable to type 'never'.
shared/schema.ts(4092,3): error TS2322: Type 'boolean' is not assignable to type 'never'.
shared/schema.ts(4093,3): error TS2322: Type 'boolean' is not assignable to type 'never'.
shared/schema.ts(4094,3): error TS2322: Type 'boolean' is not assignable to type 'never'.
shared/schema.ts(4095,3): error TS2322: Type 'boolean' is not assignable to type 'never'.
shared/schema.ts(4096,3): error TS2322: Type 'boolean' is not assignable to type 'never'.
shared/schema.ts(4097,3): error TS2322: Type 'boolean' is not assignable to type 'never'.
shared/schema.ts(4098,3): error TS2322: Type 'boolean' is not assignable to type 'never'.
shared/schema.ts(4099,3): error TS2322: Type 'boolean' is not assignable to type 'never'.
shared/schema.ts(4103,3): error TS2322: Type 'boolean' is not assignable to type 'never'.
shared/schema.ts(4104,3): error TS2322: Type 'boolean' is not assignable to type 'never'.
shared/schema.ts(4105,3): error TS2322: Type 'boolean' is not assignable to type 'never'.
shared/schema.ts(4106,3): error TS2322: Type 'boolean' is not assignable to type 'never'.
shared/schema.ts(4110,3): error TS2322: Type 'boolean' is not assignable to type 'never'.
shared/schema.ts(4111,3): error TS2322: Type 'boolean' is not assignable to type 'never'.
shared/schema.ts(4112,3): error TS2322: Type 'boolean' is not assignable to type 'never'.
shared/schema.ts(4113,3): error TS2322: Type 'boolean' is not assignable to type 'never'.
shared/schema.ts(4114,3): error TS2322: Type 'boolean' is not assignable to type 'never'.
shared/schema.ts(4115,3): error TS2322: Type 'boolean' is not assignable to type 'never'.
shared/schema.ts(4116,3): error TS2322: Type 'boolean' is not assignable to type 'never'.
shared/schema.ts(4117,3): error TS2322: Type 'boolean' is not assignable to type 'never'.
shared/schema.ts(4118,3): error TS2322: Type 'boolean' is not assignable to type 'never'.
shared/schema.ts(4119,3): error TS2322: Type 'boolean' is not assignable to type 'never'.
shared/schema.ts(4120,3): error TS2322: Type 'boolean' is not assignable to type 'never'.
shared/schema.ts(4121,3): error TS2322: Type 'boolean' is not assignable to type 'never'.
shared/schema.ts(4149,3): error TS2322: Type 'boolean' is not assignable to type 'never'.
shared/schema.ts(4150,3): error TS2322: Type 'boolean' is not assignable to type 'never'.
shared/schema.ts(4151,3): error TS2322: Type 'boolean' is not assignable to type 'never'.
shared/schema.ts(4152,3): error TS2322: Type 'boolean' is not assignable to type 'never'.
shared/schema.ts(4153,3): error TS2322: Type 'boolean' is not assignable to type 'never'.
shared/schema.ts(4154,3): error TS2322: Type 'boolean' is not assignable to type 'never'.
shared/schema.ts(4155,3): error TS2322: Type 'boolean' is not assignable to type 'never'.
shared/schema.ts(4156,3): error TS2322: Type 'boolean' is not assignable to type 'never'.
shared/schema.ts(4157,3): error TS2322: Type 'boolean' is not assignable to type 'never'.
shared/schema.ts(4158,3): error TS2322: Type 'boolean' is not assignable to type 'never'.
shared/schema.ts(4159,3): error TS2322: Type 'boolean' is not assignable to type 'never'.
shared/schema.ts(4160,3): error TS2322: Type 'boolean' is not assignable to type 'never'.
shared/schema.ts(4161,3): error TS2322: Type 'boolean' is not assignable to type 'never'.
shared/schema.ts(4162,3): error TS2322: Type 'boolean' is not assignable to type 'never'.
shared/schema.ts(4301,3): error TS2322: Type 'boolean' is not assignable to type 'never'.
shared/schema.ts(4302,3): error TS2322: Type 'boolean' is not assignable to type 'never'.
shared/schema.ts(4303,3): error TS2322: Type 'boolean' is not assignable to type 'never'.
shared/schema.ts(4304,3): error TS2322: Type 'boolean' is not assignable to type 'never'.
shared/schema.ts(4305,3): error TS2322: Type 'boolean' is not assignable to type 'never'.
shared/schema.ts(4306,3): error TS2322: Type 'boolean' is not assignable to type 'never'.
shared/schema.ts(4307,3): error TS2322: Type 'boolean' is not assignable to type 'never'.
shared/schema.ts(4308,3): error TS2322: Type 'boolean' is not assignable to type 'never'.
shared/schema.ts(4309,3): error TS2322: Type 'boolean' is not assignable to type 'never'.
shared/schema.ts(4310,3): error TS2322: Type 'boolean' is not assignable to type 'never'.
shared/schema.ts(4314,3): error TS2322: Type 'boolean' is not assignable to type 'never'.
shared/schema.ts(4315,3): error TS2322: Type 'boolean' is not assignable to type 'never'.
shared/schema.ts(4316,3): error TS2322: Type 'boolean' is not assignable to type 'never'.
shared/schema.ts(4317,3): error TS2322: Type 'boolean' is not assignable to type 'never'.
shared/schema.ts(4318,3): error TS2322: Type 'boolean' is not assignable to type 'never'.
shared/schema.ts(4319,3): error TS2322: Type 'boolean' is not assignable to type 'never'.
shared/schema.ts(4320,3): error TS2322: Type 'boolean' is not assignable to type 'never'.
shared/schema.ts(4321,3): error TS2322: Type 'boolean' is not assignable to type 'never'.
shared/schema.ts(4322,3): error TS2322: Type 'boolean' is not assignable to type 'never'.
shared/schema.ts(4323,3): error TS2322: Type 'boolean' is not assignable to type 'never'.
shared/schema.ts(4324,3): error TS2322: Type 'boolean' is not assignable to type 'never'.
shared/schema.ts(4328,3): error TS2322: Type 'boolean' is not assignable to type 'never'.
shared/schema.ts(4329,3): error TS2322: Type 'boolean' is not assignable to type 'never'.
shared/schema.ts(4330,3): error TS2322: Type 'boolean' is not assignable to type 'never'.
shared/schema.ts(4331,3): error TS2322: Type 'boolean' is not assignable to type 'never'.
shared/schema.ts(4332,3): error TS2322: Type 'boolean' is not assignable to type 'never'.
shared/schema.ts(4333,3): error TS2322: Type 'boolean' is not assignable to type 'never'.
shared/schema.ts(4334,3): error TS2322: Type 'boolean' is not assignable to type 'never'.
shared/schema.ts(4335,3): error TS2322: Type 'boolean' is not assignable to type 'never'.
shared/schema.ts(4336,3): error TS2322: Type 'boolean' is not assignable to type 'never'.
shared/schema.ts(4337,3): error TS2322: Type 'boolean' is not assignable to type 'never'.
shared/schema.ts(4341,3): error TS2322: Type 'boolean' is not assignable to type 'never'.
shared/schema.ts(4342,3): error TS2322: Type 'boolean' is not assignable to type 'never'.
shared/schema.ts(4343,3): error TS2322: Type 'boolean' is not assignable to type 'never'.
shared/schema.ts(4344,3): error TS2322: Type 'boolean' is not assignable to type 'never'.
shared/schema.ts(4345,3): error TS2322: Type 'boolean' is not assignable to type 'never'.
shared/schema.ts(4346,3): error TS2322: Type 'boolean' is not assignable to type 'never'.
shared/schema.ts(4347,3): error TS2322: Type 'boolean' is not assignable to type 'never'.
shared/schema.ts(4348,3): error TS2322: Type 'boolean' is not assignable to type 'never'.
shared/schema.ts(4352,3): error TS2322: Type 'boolean' is not assignable to type 'never'.
shared/schema.ts(4353,3): error TS2322: Type 'boolean' is not assignable to type 'never'.
shared/schema.ts(4354,3): error TS2322: Type 'boolean' is not assignable to type 'never'.
shared/schema.ts(4355,3): error TS2322: Type 'boolean' is not assignable to type 'never'.
shared/schema.ts(4356,3): error TS2322: Type 'boolean' is not assignable to type 'never'.
shared/schema.ts(4357,3): error TS2322: Type 'boolean' is not assignable to type 'never'.
shared/schema.ts(4358,3): error TS2322: Type 'boolean' is not assignable to type 'never'.
shared/schema.ts(4359,3): error TS2322: Type 'boolean' is not assignable to type 'never'.
shared/schema.ts(4360,3): error TS2322: Type 'boolean' is not assignable to type 'never'.
shared/schema.ts(4361,3): error TS2322: Type 'boolean' is not assignable to type 'never'.
shared/schema.ts(4362,3): error TS2322: Type 'boolean' is not assignable to type 'never'.
shared/schema.ts(4363,3): error TS2322: Type 'boolean' is not assignable to type 'never'.
shared/schema.ts(4364,3): error TS2322: Type 'boolean' is not assignable to type 'never'.
shared/schema.ts(4365,3): error TS2322: Type 'boolean' is not assignable to type 'never'.
shared/schema.ts(4366,3): error TS2322: Type 'boolean' is not assignable to type 'never'.
shared/schema.ts(4367,3): error TS2322: Type 'boolean' is not assignable to type 'never'.
shared/schema.ts(4368,3): error TS2322: Type 'boolean' is not assignable to type 'never'.
shared/schema.ts(4369,3): error TS2322: Type 'boolean' is not assignable to type 'never'.
shared/schema.ts(4370,3): error TS2322: Type 'boolean' is not assignable to type 'never'.
shared/schema.ts(4374,3): error TS2322: Type 'boolean' is not assignable to type 'never'.
shared/schema.ts(4375,3): error TS2322: Type 'boolean' is not assignable to type 'never'.
shared/schema.ts(4376,3): error TS2322: Type 'boolean' is not assignable to type 'never'.
shared/schema.ts(4377,3): error TS2322: Type 'boolean' is not assignable to type 'never'.
shared/schema.ts(4378,3): error TS2322: Type 'boolean' is not assignable to type 'never'.
shared/schema.ts(4379,3): error TS2322: Type 'boolean' is not assignable to type 'never'.
shared/schema.ts(4380,3): error TS2322: Type 'boolean' is not assignable to type 'never'.
